<html>
<body>
<pre>
<h1>礦ision Build Log</h1>
<h2>Tool Versions:</h2>
IDE-Version: μVision V5.22.0.0
Copyright (C) 2016 ARM Ltd and ARM Germany GmbH. All rights reserved.
License Information: STM32&China STM32&China, STM32&China, LIC=TA39H-WTVIH-QII5M-XACI2-WPZ1W-GTZ23
 
Tool Versions:
Toolchain:       MDK-ARM Professional  Version: 5.22
Toolchain Path:  E:\UV5.22\ARM\ARMCC\Bin
C Compiler:      Armcc.exe V5.06 update 4 (build 422)
Assembler:       Armasm.exe V5.06 update 4 (build 422)
Linker/Locator:  ArmLink.exe V5.06 update 4 (build 422)
Library Manager: ArmAr.exe V5.06 update 4 (build 422)
Hex Converter:   FromElf.exe V5.06 update 4 (build 422)
CPU DLL:         SARMCM3.DLL V5.22
Dialog DLL:      DARMSTM.DLL V1.67.0.0
Target DLL:      STLink\ST-LINKIII-KEIL_SWO.dll V2.0.18.0
Dialog DLL:      TARMSTM.DLL V1.66.0.0
 
<h2>Project:</h2>
E:\STM32实验程序存放\(42)ESP8266-AT指令(HTTP)\project\STM32工程.uvprojx
Project File Date:  03/08/2020

<h2>Output:</h2>
*** Using Compiler 'V5.06 update 4 (build 422)', folder: 'E:\UV5.22\ARM\ARMCC\Bin'
Rebuild target 'Target 1'
compiling core_cm3.c...
compiling system_stm32f10x.c...
compiling main.c...
compiling stm32f10x_it.c...
assembling startup_stm32f10x_hd.s...
compiling delay.c...
compiling keypros.c...
compiling rewrite.c...
compiling test.c...
compiling usart1.c...
compiling esp8266.c...
compiling cJSON.c...
compiling http.c...
compiling misc.c...
compiling stm32f10x_usart.c...
compiling stm32f10x_rcc.c...
compiling stm32f10x_adc.c...
compiling stm32f10x_gpio.c...
compiling stm32f10x_exti.c...
compiling stm32f10x_tim.c...
linking...
Program Size: Code=13394 RO-data=614 RW-data=56 ZI-data=6408  
FromELF: creating hex file...
"..\output\STM32工程.axf" - 0 Error(s), 0 Warning(s).

<h2>Collection of Component include folders:</h2>
  E:\STM32实验程序存放\(42)ESP8266-AT指令(HTTP)\project\RTE\_Target_1
  E:\UV5.22\ARM\PACK\Keil\STM32F1xx_DFP\2.1.0\Device\Include

<h2>Collection of Component Files used:</h2>
Build Time Elapsed:  00:00:05
</pre>
</body>
</html>
