Component: ARM Compiler 5.06 update 4 (build 422) Tool: armlink [4d35d2]

==============================================================================

Section Cross References

    main.o(i.main) refers to keypros.o(i.key_pros_Init) for key_pros_Init
    main.o(i.main) refers to usart1.o(i.USARTx_Config) for USARTx_Config
    main.o(i.main) refers to esp8266.o(i.ESP8266_Init) for ESP8266_Init
    main.o(i.main) refers to printfa.o(i.__0printf) for __2printf
    main.o(i.main) refers to test.o(i.ESP8266_StaTcpClient_UnvarnishTest) for ESP8266_StaTcpClient_UnvarnishTest
    stm32f10x_it.o(i.USART3_IRQHandler) refers to stm32f10x_usart.o(i.USART_GetITStatus) for USART_GetITStatus
    stm32f10x_it.o(i.USART3_IRQHandler) refers to stm32f10x_usart.o(i.USART_ReceiveData) for USART_ReceiveData
    stm32f10x_it.o(i.USART3_IRQHandler) refers to strstr.o(.text) for strstr
    stm32f10x_it.o(i.USART3_IRQHandler) refers to esp8266.o(.bss) for strEsp8266_Fram_Record
    stm32f10x_it.o(i.USART3_IRQHandler) refers to test.o(.data) for ucTcpClosedFlag
    system_stm32f10x.o(i.SetSysClock) refers to system_stm32f10x.o(i.SetSysClockTo72) for SetSysClockTo72
    system_stm32f10x.o(i.SystemCoreClockUpdate) refers to system_stm32f10x.o(.data) for SystemCoreClock
    system_stm32f10x.o(i.SystemInit) refers to system_stm32f10x.o(i.SetSysClock) for SetSysClock
    startup_stm32f10x_hd.o(RESET) refers to startup_stm32f10x_hd.o(STACK) for __initial_sp
    startup_stm32f10x_hd.o(RESET) refers to startup_stm32f10x_hd.o(.text) for Reset_Handler
    startup_stm32f10x_hd.o(RESET) refers to stm32f10x_it.o(i.NMI_Handler) for NMI_Handler
    startup_stm32f10x_hd.o(RESET) refers to stm32f10x_it.o(i.HardFault_Handler) for HardFault_Handler
    startup_stm32f10x_hd.o(RESET) refers to stm32f10x_it.o(i.MemManage_Handler) for MemManage_Handler
    startup_stm32f10x_hd.o(RESET) refers to stm32f10x_it.o(i.BusFault_Handler) for BusFault_Handler
    startup_stm32f10x_hd.o(RESET) refers to stm32f10x_it.o(i.UsageFault_Handler) for UsageFault_Handler
    startup_stm32f10x_hd.o(RESET) refers to stm32f10x_it.o(i.SVC_Handler) for SVC_Handler
    startup_stm32f10x_hd.o(RESET) refers to stm32f10x_it.o(i.DebugMon_Handler) for DebugMon_Handler
    startup_stm32f10x_hd.o(RESET) refers to stm32f10x_it.o(i.PendSV_Handler) for PendSV_Handler
    startup_stm32f10x_hd.o(RESET) refers to stm32f10x_it.o(i.SysTick_Handler) for SysTick_Handler
    startup_stm32f10x_hd.o(RESET) refers to stm32f10x_it.o(i.USART3_IRQHandler) for USART3_IRQHandler
    startup_stm32f10x_hd.o(.text) refers to system_stm32f10x.o(i.SystemInit) for SystemInit
    startup_stm32f10x_hd.o(.text) refers to entry.o(.ARM.Collect$$$$00000000) for __main
    keypros.o(i.key_pros_Init) refers to system_stm32f10x.o(i.SystemInit) for SystemInit
    keypros.o(i.key_pros_Init) refers to stm32f10x_rcc.o(i.RCC_APB2PeriphClockCmd) for RCC_APB2PeriphClockCmd
    keypros.o(i.key_pros_Init) refers to stm32f10x_gpio.o(i.GPIO_Init) for GPIO_Init
    keypros.o(i.key_scan) refers to stm32f10x_gpio.o(i.GPIO_ReadInputDataBit) for GPIO_ReadInputDataBit
    keypros.o(i.key_scan) refers to delay.o(i.delay_ms) for delay_ms
    keypros.o(i.key_scan) refers to keypros.o(.data) for key
    test.o(i.ESP8266_Configuration) refers to printfa.o(i.__0printf) for __2printf
    test.o(i.ESP8266_Configuration) refers to stm32f10x_gpio.o(i.GPIO_SetBits) for GPIO_SetBits
    test.o(i.ESP8266_Configuration) refers to esp8266.o(i.ESP8266_AT_Test) for ESP8266_AT_Test
    test.o(i.ESP8266_Configuration) refers to esp8266.o(i.ESP8266_Net_Mode_Choose) for ESP8266_Net_Mode_Choose
    test.o(i.ESP8266_Configuration) refers to esp8266.o(i.ESP8266_JoinAP) for ESP8266_JoinAP
    test.o(i.ESP8266_Configuration) refers to esp8266.o(i.ESP8266_Enable_MultipleId) for ESP8266_Enable_MultipleId
    test.o(i.ESP8266_Configuration) refers to esp8266.o(i.ESP8266_Link_Server) for ESP8266_Link_Server
    test.o(i.ESP8266_Configuration) refers to esp8266.o(i.ESP8266_UnvarnishSend) for ESP8266_UnvarnishSend
    test.o(i.ESP8266_StaTcpClient_UnvarnishTest) refers to memseta.o(.text) for __aeabi_memclr4
    test.o(i.ESP8266_StaTcpClient_UnvarnishTest) refers to test.o(i.ESP8266_Configuration) for ESP8266_Configuration
    test.o(i.ESP8266_StaTcpClient_UnvarnishTest) refers to http.o(i.CreateJsonData) for CreateJsonData
    test.o(i.ESP8266_StaTcpClient_UnvarnishTest) refers to strlen.o(.text) for strlen
    test.o(i.ESP8266_StaTcpClient_UnvarnishTest) refers to printfa.o(i.__0sprintf) for __2sprintf
    test.o(i.ESP8266_StaTcpClient_UnvarnishTest) refers to esp8266.o(i.ESP8266_SendString) for ESP8266_SendString
    test.o(i.ESP8266_StaTcpClient_UnvarnishTest) refers to delay.o(i.delay_ms) for delay_ms
    test.o(i.ESP8266_StaTcpClient_UnvarnishTest) refers to printfa.o(i.__0printf) for __2printf
    test.o(i.ESP8266_StaTcpClient_UnvarnishTest) refers to test.o(i.Reconnection) for Reconnection
[...]
    ddiv.o(.text) refers to depilogue.o(.text) for _double_round
    dfltul.o(.text) refers to depilogue.o(.text) for _double_epilogue
    dfixul.o(.text) refers to llushr.o(.text) for __aeabi_llsr
    dfixul.o(.text) refers to llshl.o(.text) for __aeabi_llsl
    d2f.o(.text) refers to fepilogue.o(.text) for _float_round
    init.o(.text) refers to entry5.o(.ARM.Collect$$$$00000004) for __main_after_scatterload
    isspace_c.o(.text) refers to ctype_c.o(.text) for __ctype_lookup
    _scanf.o(.text) refers (Weak) to scanf_fp.o(.text) for _scanf_real
    ctype_c.o(.text) refers to ctype_c.o(.constdata) for .constdata
    scanf_fp.o(i._is_digit) refers (Special) to iusefp.o(.text) for __I$use$fp


==============================================================================

Removing Unused input sections from the image.

    Removing system_stm32f10x.o(i.SystemCoreClockUpdate), (164 bytes).
    Removing system_stm32f10x.o(.data), (20 bytes).
    Removing core_cm3.o(.emb_text), (32 bytes).
    Removing delay.o(i.delay_us), (54 bytes).
    Removing keypros.o(i.key_scan), (200 bytes).
    Removing keypros.o(.data), (1 bytes).
    Removing usart1.o(i.fgetc), (32 bytes).
    Removing esp8266.o(i.ESP8266_BuildAP), (72 bytes).
    Removing esp8266.o(i.ESP8266_ExitLink), (44 bytes).
    Removing esp8266.o(i.ESP8266_Get_IdLinkStatus), (232 bytes).
    Removing esp8266.o(i.ESP8266_Inquire_ApIp), (108 bytes).
    Removing esp8266.o(i.ESP8266_ReceiveString), (100 bytes).
    Removing esp8266.o(i.ESP8266_StartOrShutServer), (144 bytes).
    Removing http.o(i.ParseJsonData), (376 bytes).
    Removing cjson.o(i.buffer_skip_whitespace), (58 bytes).
    Removing cjson.o(i.cJSON_AddArrayToObject), (48 bytes).
    Removing cjson.o(i.cJSON_AddBoolToObject), (52 bytes).
    Removing cjson.o(i.cJSON_AddFalseToObject), (48 bytes).
    Removing cjson.o(i.cJSON_AddItemReferenceToArray), (36 bytes).
    Removing cjson.o(i.cJSON_AddItemReferenceToObject), (48 bytes).
    Removing cjson.o(i.cJSON_AddItemToObjectCS), (32 bytes).
    Removing cjson.o(i.cJSON_AddNullToObject), (48 bytes).
    Removing cjson.o(i.cJSON_AddNumberToObject), (60 bytes).
    Removing cjson.o(i.cJSON_AddObjectToObject), (48 bytes).
    Removing cjson.o(i.cJSON_AddRawToObject), (52 bytes).
    Removing cjson.o(i.cJSON_AddStringToObject), (52 bytes).
    Removing cjson.o(i.cJSON_AddTrueToObject), (48 bytes).
    Removing cjson.o(i.cJSON_Compare), (392 bytes).
    Removing cjson.o(i.cJSON_CreateArrayReference), (36 bytes).
    Removing cjson.o(i.cJSON_CreateBool), (32 bytes).
    Removing cjson.o(i.cJSON_CreateDoubleArray), (100 bytes).
    Removing cjson.o(i.cJSON_CreateFalse), (24 bytes).
    Removing cjson.o(i.cJSON_CreateFloatArray), (102 bytes).
    Removing cjson.o(i.cJSON_CreateIntArray), (102 bytes).
    Removing cjson.o(i.cJSON_CreateNull), (24 bytes).
    Removing cjson.o(i.cJSON_CreateObjectReference), (36 bytes).
    Removing cjson.o(i.cJSON_CreateRaw), (52 bytes).
    Removing cjson.o(i.cJSON_CreateString), (52 bytes).
    Removing cjson.o(i.cJSON_CreateStringArray), (94 bytes).
    Removing cjson.o(i.cJSON_CreateStringReference), (36 bytes).
    Removing cjson.o(i.cJSON_CreateTrue), (24 bytes).
    Removing cjson.o(i.cJSON_DeleteItemFromArray), (22 bytes).
    Removing cjson.o(i.cJSON_DeleteItemFromObject), (22 bytes).
    Removing cjson.o(i.cJSON_DeleteItemFromObjectCaseSensitive), (22 bytes).
    Removing cjson.o(i.cJSON_DetachItemFromArray), (34 bytes).
    Removing cjson.o(i.cJSON_DetachItemFromObject), (26 bytes).
    Removing cjson.o(i.cJSON_DetachItemFromObjectCaseSensitive), (26 bytes).
    Removing cjson.o(i.cJSON_DetachItemViaPointer), (50 bytes).
    Removing cjson.o(i.cJSON_Duplicate), (184 bytes).
    Removing cjson.o(i.cJSON_GetArrayItem), (24 bytes).
    Removing cjson.o(i.cJSON_GetArraySize), (28 bytes).
    Removing cjson.o(i.cJSON_GetErrorPtr), (16 bytes).
    Removing cjson.o(i.cJSON_GetObjectItem), (18 bytes).
    Removing cjson.o(i.cJSON_GetObjectItemCaseSensitive), (18 bytes).
    Removing cjson.o(i.cJSON_GetStringValue), (20 bytes).
    Removing cjson.o(i.cJSON_HasObjectItem), (24 bytes).
    Removing cjson.o(i.cJSON_InitHooks), (100 bytes).
    Removing cjson.o(i.cJSON_InsertItemInArray), (68 bytes).
    Removing cjson.o(i.cJSON_IsArray), (22 bytes).
    Removing cjson.o(i.cJSON_IsBool), (24 bytes).
    Removing cjson.o(i.cJSON_IsFalse), (20 bytes).
    Removing cjson.o(i.cJSON_IsInvalid), (20 bytes).
    Removing cjson.o(i.cJSON_IsNull), (22 bytes).
    Removing cjson.o(i.cJSON_IsNumber), (22 bytes).
    Removing cjson.o(i.cJSON_IsObject), (22 bytes).
    Removing cjson.o(i.cJSON_IsRaw), (22 bytes).
    Removing cjson.o(i.cJSON_IsString), (22 bytes).
    Removing cjson.o(i.cJSON_IsTrue), (22 bytes).
    Removing cjson.o(i.cJSON_Minify), (154 bytes).
    Removing cjson.o(i.cJSON_Parse), (16 bytes).
    Removing cjson.o(i.cJSON_ParseWithOpts), (212 bytes).
    Removing cjson.o(i.cJSON_PrintBuffered), (96 bytes).
    Removing cjson.o(i.cJSON_PrintPreallocated), (68 bytes).
    Removing cjson.o(i.cJSON_PrintUnformatted), (20 bytes).
    Removing cjson.o(i.cJSON_ReplaceItemInArray), (42 bytes).
    Removing cjson.o(i.cJSON_ReplaceItemInObject), (22 bytes).
    Removing cjson.o(i.cJSON_ReplaceItemInObjectCaseSensitive), (22 bytes).
    Removing cjson.o(i.cJSON_ReplaceItemViaPointer), (74 bytes).
    Removing cjson.o(i.cJSON_SetNumberHelper), (84 bytes).
    Removing cjson.o(i.cJSON_Version), (40 bytes).
    Removing cjson.o(i.cJSON_free), (20 bytes).
    Removing cjson.o(i.cJSON_malloc), (20 bytes).
    Removing cjson.o(i.case_insensitive_strcmp), (72 bytes).
    Removing cjson.o(i.create_reference), (60 bytes).
    Removing cjson.o(i.get_array_item), (30 bytes).
    Removing cjson.o(i.get_object_item), (82 bytes).
    Removing cjson.o(i.minify_string), (116 bytes).
    Removing cjson.o(i.parse_array), (244 bytes).
    Removing cjson.o(i.parse_hex4), (90 bytes).
    Removing cjson.o(i.parse_number), (312 bytes).
    Removing cjson.o(i.parse_object), (314 bytes).
    Removing cjson.o(i.parse_string), (396 bytes).
    Removing cjson.o(i.parse_value), (316 bytes).
    Removing cjson.o(i.replace_item_in_object), (88 bytes).
    Removing cjson.o(i.skip_multiline_comment), (50 bytes).
    Removing cjson.o(i.skip_oneline_comment), (42 bytes).
    Removing cjson.o(i.skip_utf8_bom), (60 bytes).
    Removing cjson.o(i.utf16_literal_to_utf8), (300 bytes).
    Removing cjson.o(.bss), (15 bytes).
    Removing misc.o(i.NVIC_SetVectorTable), (20 bytes).
    Removing misc.o(i.NVIC_SystemLPConfig), (32 bytes).
    Removing misc.o(i.SysTick_CLKSourceConfig), (40 bytes).
    Removing stm32f10x_usart.o(i.USART_ClearFlag), (18 bytes).
    Removing stm32f10x_usart.o(i.USART_ClearITPendingBit), (30 bytes).
    Removing stm32f10x_usart.o(i.USART_ClockInit), (34 bytes).
    Removing stm32f10x_usart.o(i.USART_ClockStructInit), (12 bytes).
    Removing stm32f10x_usart.o(i.USART_DMACmd), (18 bytes).
    Removing stm32f10x_usart.o(i.USART_DeInit), (156 bytes).
    Removing stm32f10x_usart.o(i.USART_HalfDuplexCmd), (24 bytes).
    Removing stm32f10x_usart.o(i.USART_IrDACmd), (24 bytes).
    Removing stm32f10x_usart.o(i.USART_IrDAConfig), (18 bytes).
    Removing stm32f10x_usart.o(i.USART_LINBreakDetectLengthConfig), (18 bytes).
    Removing stm32f10x_usart.o(i.USART_LINCmd), (24 bytes).
    Removing stm32f10x_usart.o(i.USART_OneBitMethodCmd), (24 bytes).
    Removing stm32f10x_usart.o(i.USART_OverSampling8Cmd), (22 bytes).
    Removing stm32f10x_usart.o(i.USART_ReceiverWakeUpCmd), (24 bytes).
    Removing stm32f10x_usart.o(i.USART_SendBreak), (10 bytes).
    Removing stm32f10x_usart.o(i.USART_SetAddress), (18 bytes).
    Removing stm32f10x_usart.o(i.USART_SetGuardTime), (16 bytes).
    Removing stm32f10x_usart.o(i.USART_SetPrescaler), (16 bytes).
    Removing stm32f10x_usart.o(i.USART_SmartCardCmd), (24 bytes).
    Removing stm32f10x_usart.o(i.USART_SmartCardNACKCmd), (24 bytes).
    Removing stm32f10x_usart.o(i.USART_StructInit), (24 bytes).
    Removing stm32f10x_usart.o(i.USART_WakeUpConfig), (18 bytes).
    Removing stm32f10x_rcc.o(i.RCC_ADCCLKConfig), (24 bytes).
    Removing stm32f10x_rcc.o(i.RCC_AHBPeriphClockCmd), (32 bytes).
    Removing stm32f10x_rcc.o(i.RCC_APB1PeriphResetCmd), (32 bytes).
    Removing stm32f10x_rcc.o(i.RCC_APB2PeriphResetCmd), (32 bytes).
    Removing stm32f10x_rcc.o(i.RCC_AdjustHSICalibrationValue), (24 bytes).
    Removing stm32f10x_rcc.o(i.RCC_BackupResetCmd), (12 bytes).
    Removing stm32f10x_rcc.o(i.RCC_ClearFlag), (20 bytes).
    Removing stm32f10x_rcc.o(i.RCC_ClearITPendingBit), (12 bytes).
    Removing stm32f10x_rcc.o(i.RCC_ClockSecuritySystemCmd), (12 bytes).
    Removing stm32f10x_rcc.o(i.RCC_DeInit), (76 bytes).
    Removing stm32f10x_rcc.o(i.RCC_GetFlagStatus), (60 bytes).
    Removing stm32f10x_rcc.o(i.RCC_GetITStatus), (24 bytes).
    Removing stm32f10x_rcc.o(i.RCC_GetSYSCLKSource), (16 bytes).
    Removing stm32f10x_rcc.o(i.RCC_HCLKConfig), (24 bytes).
    Removing stm32f10x_rcc.o(i.RCC_HSEConfig), (76 bytes).
    Removing stm32f10x_rcc.o(i.RCC_HSICmd), (12 bytes).
    Removing stm32f10x_rcc.o(i.RCC_ITConfig), (32 bytes).
    Removing stm32f10x_rcc.o(i.RCC_LSEConfig), (52 bytes).
    Removing stm32f10x_rcc.o(i.RCC_LSICmd), (12 bytes).
    Removing stm32f10x_rcc.o(i.RCC_MCOConfig), (12 bytes).
    Removing stm32f10x_rcc.o(i.RCC_PCLK1Config), (24 bytes).
    Removing stm32f10x_rcc.o(i.RCC_PCLK2Config), (24 bytes).
    Removing stm32f10x_rcc.o(i.RCC_PLLCmd), (12 bytes).
    Removing stm32f10x_rcc.o(i.RCC_PLLConfig), (28 bytes).
    Removing stm32f10x_rcc.o(i.RCC_RTCCLKCmd), (12 bytes).
    Removing stm32f10x_rcc.o(i.RCC_RTCCLKConfig), (16 bytes).
    Removing stm32f10x_rcc.o(i.RCC_SYSCLKConfig), (24 bytes).
    Removing stm32f10x_rcc.o(i.RCC_USBCLKConfig), (12 bytes).
    Removing stm32f10x_rcc.o(i.RCC_WaitForHSEStartUp), (56 bytes).
    Removing stm32f10x_adc.o(i.ADC_AnalogWatchdogCmd), (20 bytes).
    Removing stm32f10x_adc.o(i.ADC_AnalogWatchdogSingleChannelConfig), (16 bytes).
    Removing stm32f10x_adc.o(i.ADC_AnalogWatchdogThresholdsConfig), (6 bytes).
    Removing stm32f10x_adc.o(i.ADC_AutoInjectedConvCmd), (22 bytes).
    Removing stm32f10x_adc.o(i.ADC_ClearFlag), (6 bytes).
    Removing stm32f10x_adc.o(i.ADC_ClearITPendingBit), (10 bytes).
    Removing stm32f10x_adc.o(i.ADC_Cmd), (22 bytes).
    Removing stm32f10x_adc.o(i.ADC_DMACmd), (22 bytes).
    Removing stm32f10x_adc.o(i.ADC_DeInit), (92 bytes).
    Removing stm32f10x_adc.o(i.ADC_DiscModeChannelCountConfig), (24 bytes).
    Removing stm32f10x_adc.o(i.ADC_DiscModeCmd), (22 bytes).
    Removing stm32f10x_adc.o(i.ADC_ExternalTrigConvCmd), (22 bytes).
    Removing stm32f10x_adc.o(i.ADC_ExternalTrigInjectedConvCmd), (22 bytes).
    Removing stm32f10x_adc.o(i.ADC_ExternalTrigInjectedConvConfig), (16 bytes).
    Removing stm32f10x_adc.o(i.ADC_GetCalibrationStatus), (20 bytes).
    Removing stm32f10x_adc.o(i.ADC_GetConversionValue), (8 bytes).
    Removing stm32f10x_adc.o(i.ADC_GetDualModeConversionValue), (12 bytes).
    Removing stm32f10x_adc.o(i.ADC_GetFlagStatus), (18 bytes).
    Removing stm32f10x_adc.o(i.ADC_GetITStatus), (36 bytes).
    Removing stm32f10x_adc.o(i.ADC_GetInjectedConversionValue), (28 bytes).
    Removing stm32f10x_adc.o(i.ADC_GetResetCalibrationStatus), (20 bytes).
    Removing stm32f10x_adc.o(i.ADC_GetSoftwareStartConvStatus), (20 bytes).
    Removing stm32f10x_adc.o(i.ADC_GetSoftwareStartInjectedConvCmdStatus), (20 bytes).
    Removing stm32f10x_adc.o(i.ADC_ITConfig), (24 bytes).
    Removing stm32f10x_adc.o(i.ADC_Init), (80 bytes).
    Removing stm32f10x_adc.o(i.ADC_InjectedChannelConfig), (130 bytes).
    Removing stm32f10x_adc.o(i.ADC_InjectedDiscModeCmd), (22 bytes).
    Removing stm32f10x_adc.o(i.ADC_InjectedSequencerLengthConfig), (24 bytes).
    Removing stm32f10x_adc.o(i.ADC_RegularChannelConfig), (184 bytes).
    Removing stm32f10x_adc.o(i.ADC_ResetCalibration), (10 bytes).
    Removing stm32f10x_adc.o(i.ADC_SetInjectedOffset), (20 bytes).
    Removing stm32f10x_adc.o(i.ADC_SoftwareStartConvCmd), (22 bytes).
    Removing stm32f10x_adc.o(i.ADC_SoftwareStartInjectedConvCmd), (22 bytes).
    Removing stm32f10x_adc.o(i.ADC_StartCalibration), (10 bytes).
    Removing stm32f10x_adc.o(i.ADC_StructInit), (18 bytes).
    Removing stm32f10x_adc.o(i.ADC_TempSensorVrefintCmd), (36 bytes).
    Removing stm32f10x_gpio.o(i.GPIO_AFIODeInit), (20 bytes).
    Removing stm32f10x_gpio.o(i.GPIO_DeInit), (200 bytes).
    Removing stm32f10x_gpio.o(i.GPIO_ETH_MediaInterfaceConfig), (12 bytes).
    Removing stm32f10x_gpio.o(i.GPIO_EXTILineConfig), (64 bytes).
    Removing stm32f10x_gpio.o(i.GPIO_EventOutputCmd), (12 bytes).
    Removing stm32f10x_gpio.o(i.GPIO_EventOutputConfig), (32 bytes).
    Removing stm32f10x_gpio.o(i.GPIO_PinLockConfig), (18 bytes).
    Removing stm32f10x_gpio.o(i.GPIO_PinRemapConfig), (144 bytes).
    Removing stm32f10x_gpio.o(i.GPIO_ReadInputData), (8 bytes).
    Removing stm32f10x_gpio.o(i.GPIO_ReadInputDataBit), (18 bytes).
    Removing stm32f10x_gpio.o(i.GPIO_ReadOutputData), (8 bytes).
    Removing stm32f10x_gpio.o(i.GPIO_ReadOutputDataBit), (18 bytes).
    Removing stm32f10x_gpio.o(i.GPIO_StructInit), (16 bytes).
    Removing stm32f10x_gpio.o(i.GPIO_Write), (4 bytes).
    Removing stm32f10x_gpio.o(i.GPIO_WriteBit), (10 bytes).
    Removing stm32f10x_tim.o(i.TI1_Config), (128 bytes).
    Removing stm32f10x_tim.o(i.TI2_Config), (152 bytes).
    Removing stm32f10x_tim.o(i.TI3_Config), (144 bytes).
    Removing stm32f10x_tim.o(i.TI4_Config), (152 bytes).
    Removing stm32f10x_tim.o(i.TIM_ARRPreloadConfig), (24 bytes).
    Removing stm32f10x_tim.o(i.TIM_BDTRConfig), (32 bytes).
    Removing stm32f10x_tim.o(i.TIM_BDTRStructInit), (18 bytes).
    Removing stm32f10x_tim.o(i.TIM_CCPreloadControl), (24 bytes).
    Removing stm32f10x_tim.o(i.TIM_CCxCmd), (30 bytes).
    Removing stm32f10x_tim.o(i.TIM_CCxNCmd), (30 bytes).
    Removing stm32f10x_tim.o(i.TIM_ClearFlag), (6 bytes).
    Removing stm32f10x_tim.o(i.TIM_ClearITPendingBit), (6 bytes).
    Removing stm32f10x_tim.o(i.TIM_ClearOC1Ref), (18 bytes).
    Removing stm32f10x_tim.o(i.TIM_ClearOC2Ref), (24 bytes).
    Removing stm32f10x_tim.o(i.TIM_ClearOC3Ref), (18 bytes).
    Removing stm32f10x_tim.o(i.TIM_ClearOC4Ref), (24 bytes).
    Removing stm32f10x_tim.o(i.TIM_Cmd), (24 bytes).
    Removing stm32f10x_tim.o(i.TIM_CounterModeConfig), (18 bytes).
    Removing stm32f10x_tim.o(i.TIM_CtrlPWMOutputs), (30 bytes).
    Removing stm32f10x_tim.o(i.TIM_DMACmd), (18 bytes).
    Removing stm32f10x_tim.o(i.TIM_DMAConfig), (10 bytes).
    Removing stm32f10x_tim.o(i.TIM_DeInit), (488 bytes).
    Removing stm32f10x_tim.o(i.TIM_ETRClockMode1Config), (54 bytes).
    Removing stm32f10x_tim.o(i.TIM_ETRClockMode2Config), (32 bytes).
    Removing stm32f10x_tim.o(i.TIM_ETRConfig), (28 bytes).
    Removing stm32f10x_tim.o(i.TIM_EncoderInterfaceConfig), (66 bytes).
    Removing stm32f10x_tim.o(i.TIM_ForcedOC1Config), (18 bytes).
    Removing stm32f10x_tim.o(i.TIM_ForcedOC2Config), (26 bytes).
    Removing stm32f10x_tim.o(i.TIM_ForcedOC3Config), (18 bytes).
    Removing stm32f10x_tim.o(i.TIM_ForcedOC4Config), (26 bytes).
    Removing stm32f10x_tim.o(i.TIM_GenerateEvent), (4 bytes).
    Removing stm32f10x_tim.o(i.TIM_GetCapture1), (6 bytes).
    Removing stm32f10x_tim.o(i.TIM_GetCapture2), (6 bytes).
    Removing stm32f10x_tim.o(i.TIM_GetCapture3), (6 bytes).
    Removing stm32f10x_tim.o(i.TIM_GetCapture4), (8 bytes).
    Removing stm32f10x_tim.o(i.TIM_GetCounter), (6 bytes).
    Removing stm32f10x_tim.o(i.TIM_GetFlagStatus), (18 bytes).
    Removing stm32f10x_tim.o(i.TIM_GetITStatus), (34 bytes).
    Removing stm32f10x_tim.o(i.TIM_GetPrescaler), (6 bytes).
    Removing stm32f10x_tim.o(i.TIM_ICInit), (172 bytes).
    Removing stm32f10x_tim.o(i.TIM_ICStructInit), (18 bytes).
    Removing stm32f10x_tim.o(i.TIM_ITConfig), (18 bytes).
    Removing stm32f10x_tim.o(i.TIM_ITRxExternalClockConfig), (24 bytes).
    Removing stm32f10x_tim.o(i.TIM_InternalClockConfig), (12 bytes).
    Removing stm32f10x_tim.o(i.TIM_OC1FastConfig), (18 bytes).
    Removing stm32f10x_tim.o(i.TIM_OC1Init), (152 bytes).
    Removing stm32f10x_tim.o(i.TIM_OC1NPolarityConfig), (18 bytes).
    Removing stm32f10x_tim.o(i.TIM_OC1PolarityConfig), (18 bytes).
    Removing stm32f10x_tim.o(i.TIM_OC1PreloadConfig), (18 bytes).
    Removing stm32f10x_tim.o(i.TIM_OC2FastConfig), (26 bytes).
    Removing stm32f10x_tim.o(i.TIM_OC2Init), (164 bytes).
    Removing stm32f10x_tim.o(i.TIM_OC2NPolarityConfig), (26 bytes).
    Removing stm32f10x_tim.o(i.TIM_OC2PolarityConfig), (26 bytes).
    Removing stm32f10x_tim.o(i.TIM_OC2PreloadConfig), (26 bytes).
    Removing stm32f10x_tim.o(i.TIM_OC3FastConfig), (18 bytes).
    Removing stm32f10x_tim.o(i.TIM_OC3Init), (160 bytes).
    Removing stm32f10x_tim.o(i.TIM_OC3NPolarityConfig), (26 bytes).
    Removing stm32f10x_tim.o(i.TIM_OC3PolarityConfig), (26 bytes).
    Removing stm32f10x_tim.o(i.TIM_OC3PreloadConfig), (18 bytes).
    Removing stm32f10x_tim.o(i.TIM_OC4FastConfig), (26 bytes).
    Removing stm32f10x_tim.o(i.TIM_OC4Init), (124 bytes).
    Removing stm32f10x_tim.o(i.TIM_OC4PolarityConfig), (26 bytes).
    Removing stm32f10x_tim.o(i.TIM_OC4PreloadConfig), (26 bytes).
    Removing stm32f10x_tim.o(i.TIM_OCStructInit), (20 bytes).
    Removing stm32f10x_tim.o(i.TIM_PWMIConfig), (124 bytes).
    Removing stm32f10x_tim.o(i.TIM_PrescalerConfig), (6 bytes).
    Removing stm32f10x_tim.o(i.TIM_SelectCCDMA), (24 bytes).
    Removing stm32f10x_tim.o(i.TIM_SelectCOM), (24 bytes).
    Removing stm32f10x_tim.o(i.TIM_SelectHallSensor), (24 bytes).
    Removing stm32f10x_tim.o(i.TIM_SelectInputTrigger), (18 bytes).
    Removing stm32f10x_tim.o(i.TIM_SelectMasterSlaveMode), (18 bytes).
    Removing stm32f10x_tim.o(i.TIM_SelectOCxM), (82 bytes).
    Removing stm32f10x_tim.o(i.TIM_SelectOnePulseMode), (18 bytes).
    Removing stm32f10x_tim.o(i.TIM_SelectOutputTrigger), (18 bytes).
    Removing stm32f10x_tim.o(i.TIM_SelectSlaveMode), (18 bytes).
    Removing stm32f10x_tim.o(i.TIM_SetAutoreload), (4 bytes).
    Removing stm32f10x_tim.o(i.TIM_SetClockDivision), (18 bytes).
    Removing stm32f10x_tim.o(i.TIM_SetCompare1), (4 bytes).
    Removing stm32f10x_tim.o(i.TIM_SetCompare2), (4 bytes).
    Removing stm32f10x_tim.o(i.TIM_SetCompare3), (4 bytes).
    Removing stm32f10x_tim.o(i.TIM_SetCompare4), (6 bytes).
    Removing stm32f10x_tim.o(i.TIM_SetCounter), (4 bytes).
    Removing stm32f10x_tim.o(i.TIM_SetIC1Prescaler), (18 bytes).
    Removing stm32f10x_tim.o(i.TIM_SetIC2Prescaler), (26 bytes).
    Removing stm32f10x_tim.o(i.TIM_SetIC3Prescaler), (18 bytes).
    Removing stm32f10x_tim.o(i.TIM_SetIC4Prescaler), (26 bytes).
    Removing stm32f10x_tim.o(i.TIM_TIxExternalClockConfig), (62 bytes).
    Removing stm32f10x_tim.o(i.TIM_TimeBaseInit), (164 bytes).
    Removing stm32f10x_tim.o(i.TIM_TimeBaseStructInit), (18 bytes).
    Removing stm32f10x_tim.o(i.TIM_UpdateDisableConfig), (24 bytes).
    Removing stm32f10x_tim.o(i.TIM_UpdateRequestConfig), (24 bytes).
    Removing stm32f10x_exti.o(i.EXTI_ClearFlag), (12 bytes).
    Removing stm32f10x_exti.o(i.EXTI_ClearITPendingBit), (12 bytes).
    Removing stm32f10x_exti.o(i.EXTI_DeInit), (36 bytes).
    Removing stm32f10x_exti.o(i.EXTI_GenerateSWInterrupt), (16 bytes).
    Removing stm32f10x_exti.o(i.EXTI_GetFlagStatus), (24 bytes).
    Removing stm32f10x_exti.o(i.EXTI_GetITStatus), (40 bytes).
    Removing stm32f10x_exti.o(i.EXTI_Init), (148 bytes).
    Removing stm32f10x_exti.o(i.EXTI_StructInit), (16 bytes).
    Removing dflti.o(.text), (34 bytes).
    Removing f2d.o(.text), (38 bytes).

305 unused section(s) (total 15054 bytes) removed from the image.

==============================================================================

Image Symbol Table

    Local Symbols

    Symbol Name                              Value     Ov Type        Size  Object(Section)

    ../clib/microlib/ctype/ctype.c           0x00000000   Number         0  ctype_c.o ABSOLUTE
    ../clib/microlib/ctype/ctype.c           0x00000000   Number         0  isspace_c.o ABSOLUTE
    ../clib/microlib/ctype/tolower.c         0x00000000   Number         0  tolower.o ABSOLUTE
    ../clib/microlib/division.c              0x00000000   Number         0  uldiv.o ABSOLUTE
    ../clib/microlib/division.c              0x00000000   Number         0  uidiv.o ABSOLUTE
    ../clib/microlib/init/entry.s            0x00000000   Number         0  entry10a.o ABSOLUTE
    ../clib/microlib/init/entry.s            0x00000000   Number         0  entry9b.o ABSOLUTE
    ../clib/microlib/init/entry.s            0x00000000   Number         0  entry.o ABSOLUTE
    ../clib/microlib/init/entry.s            0x00000000   Number         0  entry2.o ABSOLUTE
    ../clib/microlib/init/entry.s            0x00000000   Number         0  entry10b.o ABSOLUTE
    ../clib/microlib/init/entry.s            0x00000000   Number         0  entry5.o ABSOLUTE
    ../clib/microlib/init/entry.s            0x00000000   Number         0  entry7a.o ABSOLUTE
    ../clib/microlib/init/entry.s            0x00000000   Number         0  entry7b.o ABSOLUTE
    ../clib/microlib/init/entry.s            0x00000000   Number         0  entry8a.o ABSOLUTE
    ../clib/microlib/init/entry.s            0x00000000   Number         0  entry8b.o ABSOLUTE
    ../clib/microlib/init/entry.s            0x00000000   Number         0  entry9a.o ABSOLUTE
    ../clib/microlib/init/entry.s            0x00000000   Number         0  entry11b.o ABSOLUTE
    ../clib/microlib/init/entry.s            0x00000000   Number         0  entry11a.o ABSOLUTE
    ../clib/microlib/longlong.c              0x00000000   Number         0  llushr.o ABSOLUTE
    ../clib/microlib/longlong.c              0x00000000   Number         0  llsshr.o ABSOLUTE
    ../clib/microlib/longlong.c              0x00000000   Number         0  llshl.o ABSOLUTE
    ../clib/microlib/malloc/malloc.c         0x00000000   Number         0  malloc.o ABSOLUTE
    ../clib/microlib/malloc/malloc.c         0x00000000   Number         0  mallocr.o ABSOLUTE
    ../clib/microlib/malloc/malloc.c         0x00000000   Number         0  mallocra.o ABSOLUTE
    ../clib/microlib/malloc/malloc.c         0x00000000   Number         0  malloca.o ABSOLUTE
    ../clib/microlib/malloc/mvars.c          0x00000000   Number         0  mvars.o ABSOLUTE
    ../clib/microlib/printf/printf.c         0x00000000   Number         0  printf1.o ABSOLUTE
    ../clib/microlib/printf/printf.c         0x00000000   Number         0  printf2.o ABSOLUTE
    ../clib/microlib/printf/printf.c         0x00000000   Number         0  printf4.o ABSOLUTE
    ../clib/microlib/printf/printf.c         0x00000000   Number         0  printf5.o ABSOLUTE
    ../clib/microlib/printf/printf.c         0x00000000   Number         0  printf6.o ABSOLUTE
    ../clib/microlib/printf/printf.c         0x00000000   Number         0  printf7.o ABSOLUTE
    ../clib/microlib/printf/printf.c         0x00000000   Number         0  printf8.o ABSOLUTE
    ../clib/microlib/printf/printf.c         0x00000000   Number         0  printfa.o ABSOLUTE
    ../clib/microlib/printf/printf.c         0x00000000   Number         0  printf3.o ABSOLUTE
    ../clib/microlib/printf/printf.c         0x00000000   Number         0  printf0.o ABSOLUTE
    ../clib/microlib/printf/printf.c         0x00000000   Number         0  printfb.o ABSOLUTE
    ../clib/microlib/printf/stubs.s          0x00000000   Number         0  stubs.o ABSOLUTE
    ../clib/microlib/stdio/streams.c         0x00000000   Number         0  stdout.o ABSOLUTE
    ../clib/microlib/string/memcpy.c         0x00000000   Number         0  memcpyb.o ABSOLUTE
    ../clib/microlib/string/memcpy.c         0x00000000   Number         0  memcpya.o ABSOLUTE
    ../clib/microlib/string/memset.c         0x00000000   Number         0  memseta.o ABSOLUTE
    ../clib/microlib/string/strcmp.c         0x00000000   Number         0  strcmp.o ABSOLUTE
    ../clib/microlib/string/strcpy.c         0x00000000   Number         0  strcpy.o ABSOLUTE
    ../clib/microlib/string/strlen.c         0x00000000   Number         0  strlen.o ABSOLUTE
    ../clib/microlib/string/strncmp.c        0x00000000   Number         0  strncmp.o ABSOLUTE
    ../clib/microlib/string/strstr.c         0x00000000   Number         0  strstr.o ABSOLUTE
    ../clib/microlib/stubs.s                 0x00000000   Number         0  iusefp.o ABSOLUTE
    ../clib/scanf.c                          0x00000000   Number         0  scanf_char.o ABSOLUTE
    ../clib/scanf.c                          0x00000000   Number         0  strtod.o ABSOLUTE
    ../clib/scanf.c                          0x00000000   Number         0  scanf_fp.o ABSOLUTE
    ../clib/scanf.c                          0x00000000   Number         0  __0sscanf.o ABSOLUTE
    ../clib/scanf.c                          0x00000000   Number         0  _scanf.o ABSOLUTE
    ../clib/scanf.c                          0x00000000   Number         0  _sgetc.o ABSOLUTE
    ../fplib/microlib/d2f.c                  0x00000000   Number         0  d2f.o ABSOLUTE
    ../fplib/microlib/f2d.c                  0x00000000   Number         0  f2d.o ABSOLUTE
    ../fplib/microlib/fpadd.c                0x00000000   Number         0  dadd.o ABSOLUTE
    ../fplib/microlib/fpdiv.c                0x00000000   Number         0  ddiv.o ABSOLUTE
    ../fplib/microlib/fpepilogue.c           0x00000000   Number         0  depilogue.o ABSOLUTE
    ../fplib/microlib/fpepilogue.c           0x00000000   Number         0  fepilogue.o ABSOLUTE
    ../fplib/microlib/fpfix.c                0x00000000   Number         0  dfixi.o ABSOLUTE
    ../fplib/microlib/fpfix.c                0x00000000   Number         0  dfixul.o ABSOLUTE
    ../fplib/microlib/fpflt.c                0x00000000   Number         0  dflti.o ABSOLUTE
    ../fplib/microlib/fpflt.c                0x00000000   Number         0  dfltul.o ABSOLUTE
    ../fplib/microlib/fpmul.c                0x00000000   Number         0  dmul.o ABSOLUTE
    ../mathlib/strtod.c                      0x00000000   Number         0  strtod.o ABSOLUTE
    ..\CJSON\cJSON.c                         0x00000000   Number         0  cjson.o ABSOLUTE
    ..\Libraries\STM32F10x_StdPeriph_Driver\src\misc.c 0x00000000   Number         0  misc.o ABSOLUTE
    ..\Libraries\STM32F10x_StdPeriph_Driver\src\stm32f10x_adc.c 0x00000000   Number         0  stm32f10x_adc.o ABSOLUTE
    ..\Libraries\STM32F10x_StdPeriph_Driver\src\stm32f10x_exti.c 0x00000000   Number         0  stm32f10x_exti.o ABSOLUTE
    ..\Libraries\STM32F10x_StdPeriph_Driver\src\stm32f10x_gpio.c 0x00000000   Number         0  stm32f10x_gpio.o ABSOLUTE
    ..\Libraries\STM32F10x_StdPeriph_Driver\src\stm32f10x_rcc.c 0x00000000   Number         0  stm32f10x_rcc.o ABSOLUTE
    ..\Libraries\STM32F10x_StdPeriph_Driver\src\stm32f10x_tim.c 0x00000000   Number         0  stm32f10x_tim.o ABSOLUTE
    ..\Libraries\STM32F10x_StdPeriph_Driver\src\stm32f10x_usart.c 0x00000000   Number         0  stm32f10x_usart.o ABSOLUTE
    ..\Peripheral\delay.c                    0x00000000   Number         0  delay.o ABSOLUTE
    ..\Peripheral\esp8266.c                  0x00000000   Number         0  esp8266.o ABSOLUTE
    ..\Peripheral\http.c                     0x00000000   Number         0  http.o ABSOLUTE
    ..\Peripheral\keypros.c                  0x00000000   Number         0  keypros.o ABSOLUTE
    ..\Peripheral\rewrite.c                  0x00000000   Number         0  rewrite.o ABSOLUTE
    ..\Peripheral\test.c                     0x00000000   Number         0  test.o ABSOLUTE
    ..\Peripheral\usart1.c                   0x00000000   Number         0  usart1.o ABSOLUTE
    ..\\core\\core_cm3.c                     0x00000000   Number         0  core_cm3.o ABSOLUTE
    ..\core\core_cm3.c                       0x00000000   Number         0  core_cm3.o ABSOLUTE
    ..\core\startup_stm32f10x_hd.s           0x00000000   Number         0  startup_stm32f10x_hd.o ABSOLUTE
    ..\user\main.c                           0x00000000   Number         0  main.o ABSOLUTE
    ..\user\stm32f10x_it.c                   0x00000000   Number         0  stm32f10x_it.o ABSOLUTE
    ..\user\system_stm32f10x.c               0x00000000   Number         0  system_stm32f10x.o ABSOLUTE
    cdcmple.s                                0x00000000   Number         0  cdcmple.o ABSOLUTE
    cdrcmple.s                               0x00000000   Number         0  cdrcmple.o ABSOLUTE
    dc.s                                     0x00000000   Number         0  dc.o ABSOLUTE
    handlers.s                               0x00000000   Number         0  handlers.o ABSOLUTE
    init.s                                   0x00000000   Number         0  init.o ABSOLUTE
    RESET                                    0x08000000   Section      304  startup_stm32f10x_hd.o(RESET)
    .ARM.Collect$$$$00000000                 0x08000130   Section        0  entry.o(.ARM.Collect$$$$00000000)
    .ARM.Collect$$$$00000001                 0x08000130   Section        4  entry2.o(.ARM.Collect$$$$00000001)
    .ARM.Collect$$$$00000004                 0x08000134   Section        4  entry5.o(.ARM.Collect$$$$00000004)
    .ARM.Collect$$$$00000008                 0x08000138   Section        0  entry7b.o(.ARM.Collect$$$$00000008)
    .ARM.Collect$$$$0000000A                 0x08000138   Section        0  entry8b.o(.ARM.Collect$$$$0000000A)
    .ARM.Collect$$$$0000000B                 0x08000138   Section        8  entry9a.o(.ARM.Collect$$$$0000000B)
    .ARM.Collect$$$$0000000D                 0x08000140   Section        0  entry10a.o(.ARM.Collect$$$$0000000D)
    .ARM.Collect$$$$0000000F                 0x08000140   Section        0  entry11a.o(.ARM.Collect$$$$0000000F)
    .ARM.Collect$$$$00002712                 0x08000140   Section        4  entry2.o(.ARM.Collect$$$$00002712)
    __lit__00000000                          0x08000140   Data           4  entry2.o(.ARM.Collect$$$$00002712)
    .text                                    0x08000144   Section       36  startup_stm32f10x_hd.o(.text)
    .text                                    0x08000168   Section        0  memcpya.o(.text)
    .text                                    0x0800018c   Section        0  memseta.o(.text)
    .text                                    0x080001b0   Section        0  strstr.o(.text)
    .text                                    0x080001d4   Section        0  strlen.o(.text)
    .text                                    0x080001e2   Section        0  strcpy.o(.text)
    .text                                    0x080001f4   Section        0  __0sscanf.o(.text)
    .text                                    0x0800022c   Section        0  scanf_fp.o(.text)
    _fp_value                                0x0800022d   Thumb Code   256  scanf_fp.o(.text)
    .text                                    0x08000564   Section        0  dadd.o(.text)
    .text                                    0x080006b2   Section        0  dmul.o(.text)
    .text                                    0x08000796   Section        0  dfixi.o(.text)
    .text                                    0x080007d4   Section       48  cdcmple.o(.text)
    .text                                    0x08000804   Section       48  cdrcmple.o(.text)
    .text                                    0x08000834   Section        0  uidiv.o(.text)
    .text                                    0x08000860   Section        0  uldiv.o(.text)
    .text                                    0x080008c2   Section        0  llshl.o(.text)
    .text                                    0x080008e0   Section        0  llushr.o(.text)
    .text                                    0x08000900   Section        0  llsshr.o(.text)
    .text                                    0x08000924   Section        0  scanf_char.o(.text)
    _scanf_char_input                        0x08000925   Thumb Code    12  scanf_char.o(.text)
    .text                                    0x0800094c   Section        0  _sgetc.o(.text)
    .text                                    0x0800098c   Section        0  depilogue.o(.text)
    .text                                    0x0800098c   Section        0  iusefp.o(.text)
    .text                                    0x08000a46   Section        0  ddiv.o(.text)
    .text                                    0x08000b24   Section        0  dfltul.o(.text)
    .text                                    0x08000b3c   Section        0  dfixul.o(.text)
    .text                                    0x08000b6c   Section        0  d2f.o(.text)
    .text                                    0x08000ba4   Section       36  init.o(.text)
    .text                                    0x08000bc8   Section        0  isspace_c.o(.text)
    .text                                    0x08000bd4   Section        0  _scanf.o(.text)
    .text                                    0x08000f00   Section        0  fepilogue.o(.text)
    .text                                    0x08000f70   Section        0  ctype_c.o(.text)
    i.BusFault_Handler                       0x08000f98   Section        0  stm32f10x_it.o(i.BusFault_Handler)
    i.CreateJsonData                         0x08000f9c   Section        0  http.o(i.CreateJsonData)
    i.DebugMon_Handler                       0x0800107c   Section        0  stm32f10x_it.o(i.DebugMon_Handler)
    i.ESP8266_AT_Test                        0x08001080   Section        0  esp8266.o(i.ESP8266_AT_Test)
    i.ESP8266_Cmd                            0x080010c4   Section        0  esp8266.o(i.ESP8266_Cmd)
    i.ESP8266_Configuration                  0x0800117c   Section        0  test.o(i.ESP8266_Configuration)
    i.ESP8266_Enable_MultipleId              0x08001240   Section        0  esp8266.o(i.ESP8266_Enable_MultipleId)
    i.ESP8266_ExitUnvarnishSend              0x08001280   Section        0  esp8266.o(i.ESP8266_ExitUnvarnishSend)
    i.ESP8266_GPIO_Config                    0x080012a4   Section        0  esp8266.o(i.ESP8266_GPIO_Config)
    ESP8266_GPIO_Config                      0x080012a5   Thumb Code    62  esp8266.o(i.ESP8266_GPIO_Config)
    i.ESP8266_Get_LinkStatus                 0x080012e8   Section        0  esp8266.o(i.ESP8266_Get_LinkStatus)
    i.ESP8266_Init                           0x08001364   Section        0  esp8266.o(i.ESP8266_Init)
    i.ESP8266_JoinAP                         0x08001388   Section        0  esp8266.o(i.ESP8266_JoinAP)
    i.ESP8266_Link_Server                    0x080013c8   Section        0  esp8266.o(i.ESP8266_Link_Server)
    i.ESP8266_Net_Mode_Choose                0x08001488   Section        0  esp8266.o(i.ESP8266_Net_Mode_Choose)
    i.ESP8266_Rst                            0x08001500   Section        0  esp8266.o(i.ESP8266_Rst)
    i.ESP8266_SendString                     0x08001520   Section        0  esp8266.o(i.ESP8266_SendString)
    i.ESP8266_StaTcpClient_UnvarnishTest     0x080015c0   Section        0  test.o(i.ESP8266_StaTcpClient_UnvarnishTest)
    i.ESP8266_USART_Config                   0x08001624   Section        0  esp8266.o(i.ESP8266_USART_Config)
    ESP8266_USART_Config                     0x08001625   Thumb Code   148  esp8266.o(i.ESP8266_USART_Config)
    i.ESP8266_USART_NVIC_Configuration       0x080016c0   Section        0  esp8266.o(i.ESP8266_USART_NVIC_Configuration)
    ESP8266_USART_NVIC_Configuration         0x080016c1   Thumb Code    40  esp8266.o(i.ESP8266_USART_NVIC_Configuration)
    i.ESP8266_UnvarnishSend                  0x080016e8   Section        0  esp8266.o(i.ESP8266_UnvarnishSend)
    i.GPIO_Init                              0x08001734   Section        0  stm32f10x_gpio.o(i.GPIO_Init)
    i.GPIO_ResetBits                         0x0800184a   Section        0  stm32f10x_gpio.o(i.GPIO_ResetBits)
    i.GPIO_SetBits                           0x0800184e   Section        0  stm32f10x_gpio.o(i.GPIO_SetBits)
    i.HardFault_Handler                      0x08001852   Section        0  stm32f10x_it.o(i.HardFault_Handler)
    i.MemManage_Handler                      0x08001856   Section        0  stm32f10x_it.o(i.MemManage_Handler)
    i.NMI_Handler                            0x0800185a   Section        0  stm32f10x_it.o(i.NMI_Handler)
    i.NVIC_Init                              0x0800185c   Section        0  misc.o(i.NVIC_Init)
    i.NVIC_PriorityGroupConfig               0x080018cc   Section        0  misc.o(i.NVIC_PriorityGroupConfig)
    i.PendSV_Handler                         0x080018e0   Section        0  stm32f10x_it.o(i.PendSV_Handler)
    i.RCC_APB1PeriphClockCmd                 0x080018e4   Section        0  stm32f10x_rcc.o(i.RCC_APB1PeriphClockCmd)
    i.RCC_APB2PeriphClockCmd                 0x08001904   Section        0  stm32f10x_rcc.o(i.RCC_APB2PeriphClockCmd)
    i.RCC_GetClocksFreq                      0x08001924   Section        0  stm32f10x_rcc.o(i.RCC_GetClocksFreq)
    i.Reconnection                           0x080019f8   Section        0  test.o(i.Reconnection)
    i.SVC_Handler                            0x08001ac8   Section        0  stm32f10x_it.o(i.SVC_Handler)
    i.SetSysClock                            0x08001aca   Section        0  system_stm32f10x.o(i.SetSysClock)
    SetSysClock                              0x08001acb   Thumb Code     8  system_stm32f10x.o(i.SetSysClock)
    i.SetSysClockTo72                        0x08001ad4   Section        0  system_stm32f10x.o(i.SetSysClockTo72)
    SetSysClockTo72                          0x08001ad5   Thumb Code   214  system_stm32f10x.o(i.SetSysClockTo72)
    i.SysTick_Handler                        0x08001bb4   Section        0  stm32f10x_it.o(i.SysTick_Handler)
    i.SystemInit                             0x08001bb8   Section        0  system_stm32f10x.o(i.SystemInit)
    i.USART3_IRQHandler                      0x08001c18   Section        0  stm32f10x_it.o(i.USART3_IRQHandler)
    i.USART_Cmd                              0x08001cb8   Section        0  stm32f10x_usart.o(i.USART_Cmd)
    i.USART_GetFlagStatus                    0x08001cd0   Section        0  stm32f10x_usart.o(i.USART_GetFlagStatus)
    i.USART_GetITStatus                      0x08001cea   Section        0  stm32f10x_usart.o(i.USART_GetITStatus)
    i.USART_ITConfig                         0x08001d3e   Section        0  stm32f10x_usart.o(i.USART_ITConfig)
    i.USART_Init                             0x08001d88   Section        0  stm32f10x_usart.o(i.USART_Init)
    i.USART_ReceiveData                      0x08001e60   Section        0  stm32f10x_usart.o(i.USART_ReceiveData)
    i.USART_SendData                         0x08001e6a   Section        0  stm32f10x_usart.o(i.USART_SendData)
    i.USART_printf                           0x08001e72   Section        0  rewrite.o(i.USART_printf)
    i.USARTx_Config                          0x08001f78   Section        0  usart1.o(i.USARTx_Config)
    i.UsageFault_Handler                     0x08001ff8   Section        0  stm32f10x_it.o(i.UsageFault_Handler)
    i.__0printf                              0x08001ffc   Section        0  printfa.o(i.__0printf)
    i.__0sprintf                             0x0800201c   Section        0  printfa.o(i.__0sprintf)
    i.__free$realloc                         0x08002044   Section        0  mallocr.o(i.__free$realloc)
    i.__malloc$realloc                       0x080020a0   Section        0  mallocr.o(i.__malloc$realloc)
    i.__scatterload_copy                     0x080020f0   Section       14  handlers.o(i.__scatterload_copy)
    i.__scatterload_null                     0x080020fe   Section        2  handlers.o(i.__scatterload_null)
    i.__scatterload_zeroinit                 0x08002100   Section       14  handlers.o(i.__scatterload_zeroinit)
    i._fp_digits                             0x08002110   Section        0  printfa.o(i._fp_digits)
    _fp_digits                               0x08002111   Thumb Code   366  printfa.o(i._fp_digits)
    i._is_digit                              0x08002294   Section        0  scanf_fp.o(i._is_digit)
    i._printf_core                           0x080022a4   Section        0  printfa.o(i._printf_core)
    _printf_core                             0x080022a5   Thumb Code  1744  printfa.o(i._printf_core)
    i._printf_post_padding                   0x08002980   Section        0  printfa.o(i._printf_post_padding)
    _printf_post_padding                     0x08002981   Thumb Code    36  printfa.o(i._printf_post_padding)
    i._printf_pre_padding                    0x080029a4   Section        0  printfa.o(i._printf_pre_padding)
    _printf_pre_padding                      0x080029a5   Thumb Code    46  printfa.o(i._printf_pre_padding)
    i._sputc                                 0x080029d2   Section        0  printfa.o(i._sputc)
    _sputc                                   0x080029d3   Thumb Code    10  printfa.o(i._sputc)
    i.add_item_to_array                      0x080029dc   Section        0  cjson.o(i.add_item_to_array)
    add_item_to_array                        0x080029dd   Thumb Code    46  cjson.o(i.add_item_to_array)
    i.add_item_to_object                     0x08002a0a   Section        0  cjson.o(i.add_item_to_object)
    add_item_to_object                       0x08002a0b   Thumb Code   118  cjson.o(i.add_item_to_object)
    i.cJSON_AddItemToArray                   0x08002a80   Section        0  cjson.o(i.cJSON_AddItemToArray)
    i.cJSON_AddItemToObject                  0x08002a90   Section        0  cjson.o(i.cJSON_AddItemToObject)
    i.cJSON_CreateArray                      0x08002ab0   Section        0  cjson.o(i.cJSON_CreateArray)
    i.cJSON_CreateNumber                     0x08002ac8   Section        0  cjson.o(i.cJSON_CreateNumber)
    i.cJSON_CreateObject                     0x08002b2c   Section        0  cjson.o(i.cJSON_CreateObject)
    i.cJSON_Delete                           0x08002b44   Section        0  cjson.o(i.cJSON_Delete)
    i.cJSON_New_Item                         0x08002b9c   Section        0  cjson.o(i.cJSON_New_Item)
    cJSON_New_Item                           0x08002b9d   Thumb Code    26  cjson.o(i.cJSON_New_Item)
    i.cJSON_Print                            0x08002bb8   Section        0  cjson.o(i.cJSON_Print)
    i.cJSON_strdup                           0x08002bcc   Section        0  cjson.o(i.cJSON_strdup)
    cJSON_strdup                             0x08002bcd   Thumb Code    56  cjson.o(i.cJSON_strdup)
    i.cast_away_const                        0x08002c04   Section        0  cjson.o(i.cast_away_const)
    cast_away_const                          0x08002c05   Thumb Code     2  cjson.o(i.cast_away_const)
    i.compare_double                         0x08002c08   Section        0  cjson.o(i.compare_double)
    compare_double                           0x08002c09   Thumb Code    50  cjson.o(i.compare_double)
    i.delay_ms                               0x08002c44   Section        0  delay.o(i.delay_ms)
    i.ensure                                 0x08002c7c   Section        0  cjson.o(i.ensure)
    ensure                                   0x08002c7d   Thumb Code   186  cjson.o(i.ensure)
    i.fputc                                  0x08002d38   Section        0  usart1.o(i.fputc)
    i.get_decimal_point                      0x08002d5c   Section        0  cjson.o(i.get_decimal_point)
    get_decimal_point                        0x08002d5d   Thumb Code     4  cjson.o(i.get_decimal_point)
    i.internal_alloc                         0x08002d60   Section        0  mallocr.o(i.internal_alloc)
    internal_alloc                           0x08002d61   Thumb Code    76  mallocr.o(i.internal_alloc)
    i.itoa                                   0x08002db0   Section        0  rewrite.o(i.itoa)
    itoa                                     0x08002db1   Thumb Code    98  rewrite.o(i.itoa)
    i.key_pros_Init                          0x08002e14   Section        0  keypros.o(i.key_pros_Init)
    i.main                                   0x08002e60   Section        0  main.o(i.main)
    i.print                                  0x08002e8c   Section        0  cjson.o(i.print)
    print                                    0x08002e8d   Thumb Code   178  cjson.o(i.print)
    i.print_array                            0x08002f3e   Section        0  cjson.o(i.print_array)
    print_array                              0x08002f3f   Thumb Code   178  cjson.o(i.print_array)
    i.print_number                           0x08002ff0   Section        0  cjson.o(i.print_number)
    print_number                             0x08002ff1   Thumb Code   228  cjson.o(i.print_number)
    i.print_object                           0x080030f0   Section        0  cjson.o(i.print_object)
    print_object                             0x080030f1   Thumb Code   372  cjson.o(i.print_object)
    i.print_string                           0x08003264   Section        0  cjson.o(i.print_string)
    print_string                             0x08003265   Thumb Code    16  cjson.o(i.print_string)
    i.print_string_ptr                       0x08003274   Section        0  cjson.o(i.print_string_ptr)
    print_string_ptr                         0x08003275   Thumb Code   360  cjson.o(i.print_string_ptr)
    i.print_value                            0x080033e8   Section        0  cjson.o(i.print_value)
    print_value                              0x080033e9   Thumb Code   236  cjson.o(i.print_value)
    i.realloc                                0x080034ec   Section        0  mallocr.o(i.realloc)
    i.suffix_object                          0x08003558   Section        0  cjson.o(i.suffix_object)
    suffix_object                            0x08003559   Thumb Code     6  cjson.o(i.suffix_object)
    i.update_offset                          0x0800355e   Section        0  cjson.o(i.update_offset)
    update_offset                            0x0800355f   Thumb Code    36  cjson.o(i.update_offset)
    .constdata                               0x08003582   Section       64  ctype_c.o(.constdata)
    .conststring                             0x080035c4   Section      209  test.o(.conststring)
    .data                                    0x20000000   Section        1  test.o(.data)
    .data                                    0x20000004   Section       20  cjson.o(.data)
    global_error                             0x20000004   Data           8  cjson.o(.data)
    global_hooks                             0x2000000c   Data          12  cjson.o(.data)
    .data                                    0x20000018   Section       20  stm32f10x_rcc.o(.data)
    APBAHBPrescTable                         0x20000018   Data          16  stm32f10x_rcc.o(.data)
    ADCPrescTable                            0x20000028   Data           4  stm32f10x_rcc.o(.data)
    .data                                    0x2000002c   Section        4  stdout.o(.data)
    .data                                    0x20000030   Section        4  mvars.o(.data)
    .data                                    0x20000034   Section        4  mvars.o(.data)
    .bss                                     0x20000038   Section     1026  esp8266.o(.bss)
    .bss                                     0x2000043a   Section      256  http.o(.bss)
    HEAP                                     0x20000540   Section     4096  startup_stm32f10x_hd.o(HEAP)
    STACK                                    0x20001540   Section     1024  startup_stm32f10x_hd.o(STACK)

    Global Symbols

    Symbol Name                              Value     Ov Type        Size  Object(Section)

    BuildAttributes$$THM_ISAv4$P$D$K$B$S$PE$A:L22UL41UL21$X:L11$S22US41US21$IEEE1$IW$USESV6$~STKCKD$USESV7$~SHL$OTIME$ROPI$IEEEJ$EBA8$MICROLIB$REQ8$PRES8$EABIv2 0x00000000   Number         0  anon$$obj.o ABSOLUTE
    __ARM_use_no_argv                        0x00000000   Number         0  main.o ABSOLUTE
    _printf_a                                0x00000000   Number         0  stubs.o ABSOLUTE
    _printf_c                                0x00000000   Number         0  stubs.o ABSOLUTE
    _printf_charcount                        0x00000000   Number         0  stubs.o ABSOLUTE
    _printf_d                                0x00000000   Number         0  stubs.o ABSOLUTE
    _printf_e                                0x00000000   Number         0  stubs.o ABSOLUTE
    _printf_f                                0x00000000   Number         0  stubs.o ABSOLUTE
    _printf_flags                            0x00000000   Number         0  stubs.o ABSOLUTE
    _printf_fp_dec                           0x00000000   Number         0  stubs.o ABSOLUTE
    _printf_fp_hex                           0x00000000   Number         0  stubs.o ABSOLUTE
    _printf_g                                0x00000000   Number         0  stubs.o ABSOLUTE
    _printf_i                                0x00000000   Number         0  stubs.o ABSOLUTE
    _printf_int_dec                          0x00000000   Number         0  stubs.o ABSOLUTE
    _printf_l                                0x00000000   Number         0  stubs.o ABSOLUTE
    _printf_lc                               0x00000000   Number         0  stubs.o ABSOLUTE
    _printf_ll                               0x00000000   Number         0  stubs.o ABSOLUTE
    _printf_lld                              0x00000000   Number         0  stubs.o ABSOLUTE
    _printf_lli                              0x00000000   Number         0  stubs.o ABSOLUTE
    _printf_llo                              0x00000000   Number         0  stubs.o ABSOLUTE
    _printf_llu                              0x00000000   Number         0  stubs.o ABSOLUTE
    _printf_llx                              0x00000000   Number         0  stubs.o ABSOLUTE
    _printf_longlong_dec                     0x00000000   Number         0  stubs.o ABSOLUTE
    _printf_longlong_hex                     0x00000000   Number         0  stubs.o ABSOLUTE
    _printf_longlong_oct                     0x00000000   Number         0  stubs.o ABSOLUTE
    _printf_ls                               0x00000000   Number         0  stubs.o ABSOLUTE
    _printf_mbtowc                           0x00000000   Number         0  stubs.o ABSOLUTE
    _printf_n                                0x00000000   Number         0  stubs.o ABSOLUTE
    _printf_o                                0x00000000   Number         0  stubs.o ABSOLUTE
    _printf_p                                0x00000000   Number         0  stubs.o ABSOLUTE
    _printf_percent                          0x00000000   Number         0  stubs.o ABSOLUTE
    _printf_pre_padding                      0x00000000   Number         0  stubs.o ABSOLUTE
    _printf_return_value                     0x00000000   Number         0  stubs.o ABSOLUTE
    _printf_s                                0x00000000   Number         0  stubs.o ABSOLUTE
    _printf_sizespec                         0x00000000   Number         0  stubs.o ABSOLUTE
    _printf_str                              0x00000000   Number         0  stubs.o ABSOLUTE
    _printf_truncate_signed                  0x00000000   Number         0  stubs.o ABSOLUTE
    _printf_truncate_unsigned                0x00000000   Number         0  stubs.o ABSOLUTE
    _printf_u                                0x00000000   Number         0  stubs.o ABSOLUTE
    _printf_wc                               0x00000000   Number         0  stubs.o ABSOLUTE
    _printf_wctomb                           0x00000000   Number         0  stubs.o ABSOLUTE
    _printf_widthprec                        0x00000000   Number         0  stubs.o ABSOLUTE
    _printf_x                                0x00000000   Number         0  stubs.o ABSOLUTE
    __cpp_initialize__aeabi_                  - Undefined Weak Reference
    __cxa_finalize                            - Undefined Weak Reference
    __decompress                              - Undefined Weak Reference
    _clock_init                               - Undefined Weak Reference
    _microlib_exit                            - Undefined Weak Reference
    _scanf_int                                - Undefined Weak Reference
    _scanf_longlong                           - Undefined Weak Reference
    _scanf_string                             - Undefined Weak Reference
    __Vectors_Size                           0x00000130   Number         0  startup_stm32f10x_hd.o ABSOLUTE
    __Vectors                                0x08000000   Data           4  startup_stm32f10x_hd.o(RESET)
    __Vectors_End                            0x08000130   Data           0  startup_stm32f10x_hd.o(RESET)
    __main                                   0x08000131   Thumb Code     0  entry.o(.ARM.Collect$$$$00000000)
    _main_stk                                0x08000131   Thumb Code     0  entry2.o(.ARM.Collect$$$$00000001)
    _main_scatterload                        0x08000135   Thumb Code     0  entry5.o(.ARM.Collect$$$$00000004)
    __main_after_scatterload                 0x08000139   Thumb Code     0  entry5.o(.ARM.Collect$$$$00000004)
    _main_clock                              0x08000139   Thumb Code     0  entry7b.o(.ARM.Collect$$$$00000008)
    _main_cpp_init                           0x08000139   Thumb Code     0  entry8b.o(.ARM.Collect$$$$0000000A)
    _main_init                               0x08000139   Thumb Code     0  entry9a.o(.ARM.Collect$$$$0000000B)
    __rt_final_cpp                           0x08000141   Thumb Code     0  entry10a.o(.ARM.Collect$$$$0000000D)
    __rt_final_exit                          0x08000141   Thumb Code     0  entry11a.o(.ARM.Collect$$$$0000000F)
    Reset_Handler                            0x08000145   Thumb Code     8  startup_stm32f10x_hd.o(.text)
    ADC1_2_IRQHandler                        0x0800015f   Thumb Code     0  startup_stm32f10x_hd.o(.text)
    ADC3_IRQHandler                          0x0800015f   Thumb Code     0  startup_stm32f10x_hd.o(.text)
    CAN1_RX1_IRQHandler                      0x0800015f   Thumb Code     0  startup_stm32f10x_hd.o(.text)
    CAN1_SCE_IRQHandler                      0x0800015f   Thumb Code     0  startup_stm32f10x_hd.o(.text)
    DMA1_Channel1_IRQHandler                 0x0800015f   Thumb Code     0  startup_stm32f10x_hd.o(.text)
    DMA1_Channel2_IRQHandler                 0x0800015f   Thumb Code     0  startup_stm32f10x_hd.o(.text)
    DMA1_Channel3_IRQHandler                 0x0800015f   Thumb Code     0  startup_stm32f10x_hd.o(.text)
    DMA1_Channel4_IRQHandler                 0x0800015f   Thumb Code     0  startup_stm32f10x_hd.o(.text)
    DMA1_Channel5_IRQHandler                 0x0800015f   Thumb Code     0  startup_stm32f10x_hd.o(.text)
    DMA1_Channel6_IRQHandler                 0x0800015f   Thumb Code     0  startup_stm32f10x_hd.o(.text)
    DMA1_Channel7_IRQHandler                 0x0800015f   Thumb Code     0  startup_stm32f10x_hd.o(.text)
    DMA2_Channel1_IRQHandler                 0x0800015f   Thumb Code     0  startup_stm32f10x_hd.o(.text)
    DMA2_Channel2_IRQHandler                 0x0800015f   Thumb Code     0  startup_stm32f10x_hd.o(.text)
    DMA2_Channel3_IRQHandler                 0x0800015f   Thumb Code     0  startup_stm32f10x_hd.o(.text)
    DMA2_Channel4_5_IRQHandler               0x0800015f   Thumb Code     0  startup_stm32f10x_hd.o(.text)
    EXTI0_IRQHandler                         0x0800015f   Thumb Code     0  startup_stm32f10x_hd.o(.text)
    EXTI15_10_IRQHandler                     0x0800015f   Thumb Code     0  startup_stm32f10x_hd.o(.text)
    EXTI1_IRQHandler                         0x0800015f   Thumb Code     0  startup_stm32f10x_hd.o(.text)
    EXTI2_IRQHandler                         0x0800015f   Thumb Code     0  startup_stm32f10x_hd.o(.text)
    EXTI3_IRQHandler                         0x0800015f   Thumb Code     0  startup_stm32f10x_hd.o(.text)
    EXTI4_IRQHandler                         0x0800015f   Thumb Code     0  startup_stm32f10x_hd.o(.text)
    EXTI9_5_IRQHandler                       0x0800015f   Thumb Code     0  startup_stm32f10x_hd.o(.text)
    FLASH_IRQHandler                         0x0800015f   Thumb Code     0  startup_stm32f10x_hd.o(.text)
    FSMC_IRQHandler                          0x0800015f   Thumb Code     0  startup_stm32f10x_hd.o(.text)
    I2C1_ER_IRQHandler                       0x0800015f   Thumb Code     0  startup_stm32f10x_hd.o(.text)
    I2C1_EV_IRQHandler                       0x0800015f   Thumb Code     0  startup_stm32f10x_hd.o(.text)
    I2C2_ER_IRQHandler                       0x0800015f   Thumb Code     0  startup_stm32f10x_hd.o(.text)
    I2C2_EV_IRQHandler                       0x0800015f   Thumb Code     0  startup_stm32f10x_hd.o(.text)
    PVD_IRQHandler                           0x0800015f   Thumb Code     0  startup_stm32f10x_hd.o(.text)
    RCC_IRQHandler                           0x0800015f   Thumb Code     0  startup_stm32f10x_hd.o(.text)
    RTCAlarm_IRQHandler                      0x0800015f   Thumb Code     0  startup_stm32f10x_hd.o(.text)
    RTC_IRQHandler                           0x0800015f   Thumb Code     0  startup_stm32f10x_hd.o(.text)
    SDIO_IRQHandler                          0x0800015f   Thumb Code     0  startup_stm32f10x_hd.o(.text)
    SPI1_IRQHandler                          0x0800015f   Thumb Code     0  startup_stm32f10x_hd.o(.text)
    SPI2_IRQHandler                          0x0800015f   Thumb Code     0  startup_stm32f10x_hd.o(.text)
    SPI3_IRQHandler                          0x0800015f   Thumb Code     0  startup_stm32f10x_hd.o(.text)
    TAMPER_IRQHandler                        0x0800015f   Thumb Code     0  startup_stm32f10x_hd.o(.text)
    TIM1_BRK_IRQHandler                      0x0800015f   Thumb Code     0  startup_stm32f10x_hd.o(.text)
    TIM1_CC_IRQHandler                       0x0800015f   Thumb Code     0  startup_stm32f10x_hd.o(.text)
    TIM1_TRG_COM_IRQHandler                  0x0800015f   Thumb Code     0  startup_stm32f10x_hd.o(.text)
    TIM1_UP_IRQHandler                       0x0800015f   Thumb Code     0  startup_stm32f10x_hd.o(.text)
    TIM2_IRQHandler                          0x0800015f   Thumb Code     0  startup_stm32f10x_hd.o(.text)
    TIM3_IRQHandler                          0x0800015f   Thumb Code     0  startup_stm32f10x_hd.o(.text)
    TIM4_IRQHandler                          0x0800015f   Thumb Code     0  startup_stm32f10x_hd.o(.text)
    TIM5_IRQHandler                          0x0800015f   Thumb Code     0  startup_stm32f10x_hd.o(.text)
    TIM6_IRQHandler                          0x0800015f   Thumb Code     0  startup_stm32f10x_hd.o(.text)
    TIM7_IRQHandler                          0x0800015f   Thumb Code     0  startup_stm32f10x_hd.o(.text)
    TIM8_BRK_IRQHandler                      0x0800015f   Thumb Code     0  startup_stm32f10x_hd.o(.text)
    TIM8_CC_IRQHandler                       0x0800015f   Thumb Code     0  startup_stm32f10x_hd.o(.text)
    TIM8_TRG_COM_IRQHandler                  0x0800015f   Thumb Code     0  startup_stm32f10x_hd.o(.text)
    TIM8_UP_IRQHandler                       0x0800015f   Thumb Code     0  startup_stm32f10x_hd.o(.text)
    UART4_IRQHandler                         0x0800015f   Thumb Code     0  startup_stm32f10x_hd.o(.text)
    UART5_IRQHandler                         0x0800015f   Thumb Code     0  startup_stm32f10x_hd.o(.text)
    USART1_IRQHandler                        0x0800015f   Thumb Code     0  startup_stm32f10x_hd.o(.text)
    USART2_IRQHandler                        0x0800015f   Thumb Code     0  startup_stm32f10x_hd.o(.text)
    USBWakeUp_IRQHandler                     0x0800015f   Thumb Code     0  startup_stm32f10x_hd.o(.text)
    USB_HP_CAN1_TX_IRQHandler                0x0800015f   Thumb Code     0  startup_stm32f10x_hd.o(.text)
    USB_LP_CAN1_RX0_IRQHandler               0x0800015f   Thumb Code     0  startup_stm32f10x_hd.o(.text)
    WWDG_IRQHandler                          0x0800015f   Thumb Code     0  startup_stm32f10x_hd.o(.text)
    __aeabi_memcpy                           0x08000169   Thumb Code    36  memcpya.o(.text)
    __aeabi_memcpy4                          0x08000169   Thumb Code     0  memcpya.o(.text)
    __aeabi_memcpy8                          0x08000169   Thumb Code     0  memcpya.o(.text)
    __aeabi_memset                           0x0800018d   Thumb Code    14  memseta.o(.text)
    __aeabi_memset4                          0x0800018d   Thumb Code     0  memseta.o(.text)
    __aeabi_memset8                          0x0800018d   Thumb Code     0  memseta.o(.text)
    __aeabi_memclr                           0x0800019b   Thumb Code     4  memseta.o(.text)
    __aeabi_memclr4                          0x0800019b   Thumb Code     0  memseta.o(.text)
    __aeabi_memclr8                          0x0800019b   Thumb Code     0  memseta.o(.text)
    _memset$wrapper                          0x0800019f   Thumb Code    18  memseta.o(.text)
    strstr                                   0x080001b1   Thumb Code    36  strstr.o(.text)
    strlen                                   0x080001d5   Thumb Code    14  strlen.o(.text)
    strcpy                                   0x080001e3   Thumb Code    18  strcpy.o(.text)
    __0sscanf                                0x080001f5   Thumb Code    48  __0sscanf.o(.text)
    _scanf_real                              0x0800032d   Thumb Code     0  scanf_fp.o(.text)
    _scanf_really_real                       0x0800032d   Thumb Code   556  scanf_fp.o(.text)
    __aeabi_dadd                             0x08000565   Thumb Code   322  dadd.o(.text)
    __aeabi_dsub                             0x080006a7   Thumb Code     6  dadd.o(.text)
    __aeabi_drsub                            0x080006ad   Thumb Code     6  dadd.o(.text)
    __aeabi_dmul                             0x080006b3   Thumb Code   228  dmul.o(.text)
    __aeabi_d2iz                             0x08000797   Thumb Code    62  dfixi.o(.text)
    __aeabi_cdcmpeq                          0x080007d5   Thumb Code     0  cdcmple.o(.text)
    __aeabi_cdcmple                          0x080007d5   Thumb Code    48  cdcmple.o(.text)
    __aeabi_cdrcmple                         0x08000805   Thumb Code    48  cdrcmple.o(.text)
    __aeabi_uidiv                            0x08000835   Thumb Code     0  uidiv.o(.text)
    __aeabi_uidivmod                         0x08000835   Thumb Code    44  uidiv.o(.text)
    __aeabi_uldivmod                         0x08000861   Thumb Code    98  uldiv.o(.text)
    __aeabi_llsl                             0x080008c3   Thumb Code    30  llshl.o(.text)
    _ll_shift_l                              0x080008c3   Thumb Code     0  llshl.o(.text)
    __aeabi_llsr                             0x080008e1   Thumb Code    32  llushr.o(.text)
    _ll_ushift_r                             0x080008e1   Thumb Code     0  llushr.o(.text)
    __aeabi_lasr                             0x08000901   Thumb Code    36  llsshr.o(.text)
    _ll_sshift_r                             0x08000901   Thumb Code     0  llsshr.o(.text)
    __vfscanf_char                           0x08000931   Thumb Code    20  scanf_char.o(.text)
    _sgetc                                   0x0800094d   Thumb Code    30  _sgetc.o(.text)
    _sbackspace                              0x0800096b   Thumb Code    34  _sgetc.o(.text)
    __I$use$fp                               0x0800098d   Thumb Code     0  iusefp.o(.text)
    _double_round                            0x0800098d   Thumb Code    30  depilogue.o(.text)
    _double_epilogue                         0x080009ab   Thumb Code   156  depilogue.o(.text)
    __aeabi_ddiv                             0x08000a47   Thumb Code   222  ddiv.o(.text)
    __aeabi_ul2d                             0x08000b25   Thumb Code    24  dfltul.o(.text)
    __aeabi_d2ulz                            0x08000b3d   Thumb Code    48  dfixul.o(.text)
    __aeabi_d2f                              0x08000b6d   Thumb Code    56  d2f.o(.text)
    __scatterload                            0x08000ba5   Thumb Code    28  init.o(.text)
    __scatterload_rt2                        0x08000ba5   Thumb Code     0  init.o(.text)
    isspace                                  0x08000bc9   Thumb Code    10  isspace_c.o(.text)
    __vfscanf                                0x08000bd5   Thumb Code   808  _scanf.o(.text)
    _float_round                             0x08000f01   Thumb Code    18  fepilogue.o(.text)
    _float_epilogue                          0x08000f13   Thumb Code    92  fepilogue.o(.text)
    __ctype_lookup                           0x08000f71   Thumb Code    34  ctype_c.o(.text)
    BusFault_Handler                         0x08000f99   Thumb Code     4  stm32f10x_it.o(i.BusFault_Handler)
    CreateJsonData                           0x08000f9d   Thumb Code   184  http.o(i.CreateJsonData)
    DebugMon_Handler                         0x0800107d   Thumb Code     2  stm32f10x_it.o(i.DebugMon_Handler)
    ESP8266_AT_Test                          0x08001081   Thumb Code    56  esp8266.o(i.ESP8266_AT_Test)
    ESP8266_Cmd                              0x080010c5   Thumb Code   164  esp8266.o(i.ESP8266_Cmd)
    ESP8266_Configuration                    0x0800117d   Thumb Code    84  test.o(i.ESP8266_Configuration)
    ESP8266_Enable_MultipleId                0x08001241   Thumb Code    42  esp8266.o(i.ESP8266_Enable_MultipleId)
    ESP8266_ExitUnvarnishSend                0x08001281   Thumb Code    28  esp8266.o(i.ESP8266_ExitUnvarnishSend)
    ESP8266_Get_LinkStatus                   0x080012e9   Thumb Code    64  esp8266.o(i.ESP8266_Get_LinkStatus)
    ESP8266_Init                             0x08001365   Thumb Code    30  esp8266.o(i.ESP8266_Init)
    ESP8266_JoinAP                           0x08001389   Thumb Code    38  esp8266.o(i.ESP8266_JoinAP)
    ESP8266_Link_Server                      0x080013c9   Thumb Code   110  esp8266.o(i.ESP8266_Link_Server)
    ESP8266_Net_Mode_Choose                  0x08001489   Thumb Code    68  esp8266.o(i.ESP8266_Net_Mode_Choose)
    ESP8266_Rst                              0x08001501   Thumb Code    28  esp8266.o(i.ESP8266_Rst)
    ESP8266_SendString                       0x08001521   Thumb Code   102  esp8266.o(i.ESP8266_SendString)
    ESP8266_StaTcpClient_UnvarnishTest       0x080015c1   Thumb Code    74  test.o(i.ESP8266_StaTcpClient_UnvarnishTest)
    ESP8266_UnvarnishSend                    0x080016e9   Thumb Code    38  esp8266.o(i.ESP8266_UnvarnishSend)
    GPIO_Init                                0x08001735   Thumb Code   278  stm32f10x_gpio.o(i.GPIO_Init)
    GPIO_ResetBits                           0x0800184b   Thumb Code     4  stm32f10x_gpio.o(i.GPIO_ResetBits)
    GPIO_SetBits                             0x0800184f   Thumb Code     4  stm32f10x_gpio.o(i.GPIO_SetBits)
    HardFault_Handler                        0x08001853   Thumb Code     4  stm32f10x_it.o(i.HardFault_Handler)
    MemManage_Handler                        0x08001857   Thumb Code     4  stm32f10x_it.o(i.MemManage_Handler)
    NMI_Handler                              0x0800185b   Thumb Code     2  stm32f10x_it.o(i.NMI_Handler)
    NVIC_Init                                0x0800185d   Thumb Code   100  misc.o(i.NVIC_Init)
    NVIC_PriorityGroupConfig                 0x080018cd   Thumb Code    10  misc.o(i.NVIC_PriorityGroupConfig)
    PendSV_Handler                           0x080018e1   Thumb Code     2  stm32f10x_it.o(i.PendSV_Handler)
    RCC_APB1PeriphClockCmd                   0x080018e5   Thumb Code    26  stm32f10x_rcc.o(i.RCC_APB1PeriphClockCmd)
    RCC_APB2PeriphClockCmd                   0x08001905   Thumb Code    26  stm32f10x_rcc.o(i.RCC_APB2PeriphClockCmd)
    RCC_GetClocksFreq                        0x08001925   Thumb Code   192  stm32f10x_rcc.o(i.RCC_GetClocksFreq)
    Reconnection                             0x080019f9   Thumb Code    86  test.o(i.Reconnection)
    SVC_Handler                              0x08001ac9   Thumb Code     2  stm32f10x_it.o(i.SVC_Handler)
    SysTick_Handler                          0x08001bb5   Thumb Code     2  stm32f10x_it.o(i.SysTick_Handler)
    SystemInit                               0x08001bb9   Thumb Code    78  system_stm32f10x.o(i.SystemInit)
    USART3_IRQHandler                        0x08001c19   Thumb Code   134  stm32f10x_it.o(i.USART3_IRQHandler)
    USART_Cmd                                0x08001cb9   Thumb Code    24  stm32f10x_usart.o(i.USART_Cmd)
    USART_GetFlagStatus                      0x08001cd1   Thumb Code    26  stm32f10x_usart.o(i.USART_GetFlagStatus)
    USART_GetITStatus                        0x08001ceb   Thumb Code    84  stm32f10x_usart.o(i.USART_GetITStatus)
    USART_ITConfig                           0x08001d3f   Thumb Code    74  stm32f10x_usart.o(i.USART_ITConfig)
    USART_Init                               0x08001d89   Thumb Code   210  stm32f10x_usart.o(i.USART_Init)
    USART_ReceiveData                        0x08001e61   Thumb Code    10  stm32f10x_usart.o(i.USART_ReceiveData)
    USART_SendData                           0x08001e6b   Thumb Code     8  stm32f10x_usart.o(i.USART_SendData)
    USART_printf                             0x08001e73   Thumb Code   262  rewrite.o(i.USART_printf)
    USARTx_Config                            0x08001f79   Thumb Code   120  usart1.o(i.USARTx_Config)
    UsageFault_Handler                       0x08001ff9   Thumb Code     4  stm32f10x_it.o(i.UsageFault_Handler)
    __0printf                                0x08001ffd   Thumb Code    22  printfa.o(i.__0printf)
    __1printf                                0x08001ffd   Thumb Code     0  printfa.o(i.__0printf)
    __2printf                                0x08001ffd   Thumb Code     0  printfa.o(i.__0printf)
    __c89printf                              0x08001ffd   Thumb Code     0  printfa.o(i.__0printf)
    printf                                   0x08001ffd   Thumb Code     0  printfa.o(i.__0printf)
    __0sprintf                               0x0800201d   Thumb Code    34  printfa.o(i.__0sprintf)
    __1sprintf                               0x0800201d   Thumb Code     0  printfa.o(i.__0sprintf)
    __2sprintf                               0x0800201d   Thumb Code     0  printfa.o(i.__0sprintf)
    __c89sprintf                             0x0800201d   Thumb Code     0  printfa.o(i.__0sprintf)
    sprintf                                  0x0800201d   Thumb Code     0  printfa.o(i.__0sprintf)
    free                                     0x08002045   Thumb Code    88  mallocr.o(i.__free$realloc)
    malloc                                   0x080020a1   Thumb Code    64  mallocr.o(i.__malloc$realloc)
    __scatterload_copy                       0x080020f1   Thumb Code    14  handlers.o(i.__scatterload_copy)
    __scatterload_null                       0x080020ff   Thumb Code     2  handlers.o(i.__scatterload_null)
    __scatterload_zeroinit                   0x08002101   Thumb Code    14  handlers.o(i.__scatterload_zeroinit)
    _is_digit                                0x08002295   Thumb Code    14  scanf_fp.o(i._is_digit)
    cJSON_AddItemToArray                     0x08002a81   Thumb Code    16  cjson.o(i.cJSON_AddItemToArray)
    cJSON_AddItemToObject                    0x08002a91   Thumb Code    26  cjson.o(i.cJSON_AddItemToObject)
    cJSON_CreateArray                        0x08002ab1   Thumb Code    20  cjson.o(i.cJSON_CreateArray)
    cJSON_CreateNumber                       0x08002ac9   Thumb Code    82  cjson.o(i.cJSON_CreateNumber)
    cJSON_CreateObject                       0x08002b2d   Thumb Code    20  cjson.o(i.cJSON_CreateObject)
    cJSON_Delete                             0x08002b45   Thumb Code    84  cjson.o(i.cJSON_Delete)
    cJSON_Print                              0x08002bb9   Thumb Code    16  cjson.o(i.cJSON_Print)
    delay_ms                                 0x08002c45   Thumb Code    56  delay.o(i.delay_ms)
    fputc                                    0x08002d39   Thumb Code    32  usart1.o(i.fputc)
    key_pros_Init                            0x08002e15   Thumb Code    68  keypros.o(i.key_pros_Init)
    main                                     0x08002e61   Thumb Code    26  main.o(i.main)
    realloc                                  0x080034ed   Thumb Code   102  mallocr.o(i.realloc)
    __ctype_categories                       0x08003582   Data          64  ctype_c.o(.constdata)
    Region$$Table$$Base                      0x08003698   Number         0  anon$$obj.o(Region$$Table)
    Region$$Table$$Limit                     0x080036b8   Number         0  anon$$obj.o(Region$$Table)
    ucTcpClosedFlag                          0x20000000   Data           1  test.o(.data)
    __stdout                                 0x2000002c   Data           4  stdout.o(.data)
    __microlib_freelist                      0x20000030   Data           4  mvars.o(.data)
    __microlib_freelist_initialised          0x20000034   Data           4  mvars.o(.data)
    strEsp8266_Fram_Record                   0x20000038   Data        1026  esp8266.o(.bss)
    JSON_Data_Buff                           0x2000043a   Data         256  http.o(.bss)
    __heap_base                              0x20000540   Data           0  startup_stm32f10x_hd.o(HEAP)
    __heap_limit                             0x20001540   Data           0  startup_stm32f10x_hd.o(HEAP)
    __initial_sp                             0x20001940   Data           0  startup_stm32f10x_hd.o(STACK)



==============================================================================

Memory Map of the image

  Image Entry point : 0x08000131

  Load Region LR_IROM1 (Base: 0x08000000, Size: 0x000036f0, Max: 0x00080000, ABSOLUTE)

    Execution Region ER_IROM1 (Base: 0x08000000, Size: 0x000036b8, Max: 0x00080000, ABSOLUTE)

    Base Addr    Size         Type   Attr      Idx    E Section Name        Object

    0x08000000   0x00000130   Data   RO          209    RESET               startup_stm32f10x_hd.o
    0x08000130   0x00000000   Code   RO         2499  * .ARM.Collect$$$$00000000  mc_w.l(entry.o)
    0x08000130   0x00000004   Code   RO         2829    .ARM.Collect$$$$00000001  mc_w.l(entry2.o)
    0x08000134   0x00000004   Code   RO         2832    .ARM.Collect$$$$00000004  mc_w.l(entry5.o)
    0x08000138   0x00000000   Code   RO         2834    .ARM.Collect$$$$00000008  mc_w.l(entry7b.o)
    0x08000138   0x00000000   Code   RO         2836    .ARM.Collect$$$$0000000A  mc_w.l(entry8b.o)
    0x08000138   0x00000008   Code   RO         2837    .ARM.Collect$$$$0000000B  mc_w.l(entry9a.o)
    0x08000140   0x00000000   Code   RO         2839    .ARM.Collect$$$$0000000D  mc_w.l(entry10a.o)
    0x08000140   0x00000000   Code   RO         2841    .ARM.Collect$$$$0000000F  mc_w.l(entry11a.o)
    0x08000140   0x00000004   Code   RO         2830    .ARM.Collect$$$$00002712  mc_w.l(entry2.o)
    0x08000144   0x00000024   Code   RO          210    .text               startup_stm32f10x_hd.o
    0x08000168   0x00000024   Code   RO         2504    .text               mc_w.l(memcpya.o)
    0x0800018c   0x00000024   Code   RO         2506    .text               mc_w.l(memseta.o)
    0x080001b0   0x00000024   Code   RO         2508    .text               mc_w.l(strstr.o)
    0x080001d4   0x0000000e   Code   RO         2510    .text               mc_w.l(strlen.o)
    0x080001e2   0x00000012   Code   RO         2514    .text               mc_w.l(strcpy.o)
    0x080001f4   0x00000038   Code   RO         2809    .text               mc_w.l(__0sscanf.o)
    0x0800022c   0x00000338   Code   RO         2811    .text               mc_w.l(scanf_fp.o)
    0x08000564   0x0000014e   Code   RO         2815    .text               mf_w.l(dadd.o)
    0x080006b2   0x000000e4   Code   RO         2817    .text               mf_w.l(dmul.o)
    0x08000796   0x0000003e   Code   RO         2821    .text               mf_w.l(dfixi.o)
    0x080007d4   0x00000030   Code   RO         2825    .text               mf_w.l(cdcmple.o)
    0x08000804   0x00000030   Code   RO         2827    .text               mf_w.l(cdrcmple.o)
    0x08000834   0x0000002c   Code   RO         2844    .text               mc_w.l(uidiv.o)
    0x08000860   0x00000062   Code   RO         2846    .text               mc_w.l(uldiv.o)
    0x080008c2   0x0000001e   Code   RO         2848    .text               mc_w.l(llshl.o)
    0x080008e0   0x00000020   Code   RO         2850    .text               mc_w.l(llushr.o)
    0x08000900   0x00000024   Code   RO         2852    .text               mc_w.l(llsshr.o)
    0x08000924   0x00000028   Code   RO         2856    .text               mc_w.l(scanf_char.o)
    0x0800094c   0x00000040   Code   RO         2858    .text               mc_w.l(_sgetc.o)
    0x0800098c   0x00000000   Code   RO         2862    .text               mc_w.l(iusefp.o)
    0x0800098c   0x000000ba   Code   RO         2863    .text               mf_w.l(depilogue.o)
    0x08000a46   0x000000de   Code   RO         2865    .text               mf_w.l(ddiv.o)
    0x08000b24   0x00000018   Code   RO         2867    .text               mf_w.l(dfltul.o)
    0x08000b3c   0x00000030   Code   RO         2869    .text               mf_w.l(dfixul.o)
    0x08000b6c   0x00000038   Code   RO         2871    .text               mf_w.l(d2f.o)
    0x08000ba4   0x00000024   Code   RO         2873    .text               mc_w.l(init.o)
    0x08000bc8   0x0000000a   Code   RO         2875    .text               mc_w.l(isspace_c.o)
    0x08000bd2   0x00000002   PAD
    0x08000bd4   0x0000032c   Code   RO         2877    .text               mc_w.l(_scanf.o)
    0x08000f00   0x0000006e   Code   RO         2879    .text               mf_w.l(fepilogue.o)
    0x08000f6e   0x00000002   PAD
    0x08000f70   0x00000028   Code   RO         2881    .text               mc_w.l(ctype_c.o)
    0x08000f98   0x00000004   Code   RO           93    i.BusFault_Handler  stm32f10x_it.o
    0x08000f9c   0x000000e0   Code   RO          461    i.CreateJsonData    http.o
    0x0800107c   0x00000002   Code   RO           94    i.DebugMon_Handler  stm32f10x_it.o
    0x0800107e   0x00000002   PAD
    0x08001080   0x00000044   Code   RO          326    i.ESP8266_AT_Test   esp8266.o
    0x080010c4   0x000000b8   Code   RO          328    i.ESP8266_Cmd       esp8266.o
    0x0800117c   0x000000c4   Code   RO          251    i.ESP8266_Configuration  test.o
    0x08001240   0x00000040   Code   RO          329    i.ESP8266_Enable_MultipleId  esp8266.o
    0x08001280   0x00000024   Code   RO          331    i.ESP8266_ExitUnvarnishSend  esp8266.o
    0x080012a4   0x00000044   Code   RO          332    i.ESP8266_GPIO_Config  esp8266.o
    0x080012e8   0x0000007c   Code   RO          334    i.ESP8266_Get_LinkStatus  esp8266.o
    0x08001364   0x00000024   Code   RO          335    i.ESP8266_Init      esp8266.o
    0x08001388   0x00000040   Code   RO          337    i.ESP8266_JoinAP    esp8266.o
    0x080013c8   0x000000c0   Code   RO          338    i.ESP8266_Link_Server  esp8266.o
    0x08001488   0x00000078   Code   RO          339    i.ESP8266_Net_Mode_Choose  esp8266.o
    0x08001500   0x00000020   Code   RO          341    i.ESP8266_Rst       esp8266.o
    0x08001520   0x000000a0   Code   RO          342    i.ESP8266_SendString  esp8266.o
    0x080015c0   0x00000064   Code   RO          252    i.ESP8266_StaTcpClient_UnvarnishTest  test.o
    0x08001624   0x0000009c   Code   RO          344    i.ESP8266_USART_Config  esp8266.o
    0x080016c0   0x00000028   Code   RO          345    i.ESP8266_USART_NVIC_Configuration  esp8266.o
    0x080016e8   0x0000004c   Code   RO          346    i.ESP8266_UnvarnishSend  esp8266.o
    0x08001734   0x00000116   Code   RO         1785    i.GPIO_Init         stm32f10x_gpio.o
    0x0800184a   0x00000004   Code   RO         1792    i.GPIO_ResetBits    stm32f10x_gpio.o
    0x0800184e   0x00000004   Code   RO         1793    i.GPIO_SetBits      stm32f10x_gpio.o
    0x08001852   0x00000004   Code   RO           95    i.HardFault_Handler  stm32f10x_it.o
    0x08001856   0x00000004   Code   RO           96    i.MemManage_Handler  stm32f10x_it.o
    0x0800185a   0x00000002   Code   RO           97    i.NMI_Handler       stm32f10x_it.o
    0x0800185c   0x00000070   Code   RO         1138    i.NVIC_Init         misc.o
    0x080018cc   0x00000014   Code   RO         1139    i.NVIC_PriorityGroupConfig  misc.o
    0x080018e0   0x00000002   Code   RO           98    i.PendSV_Handler    stm32f10x_it.o
    0x080018e2   0x00000002   PAD
    0x080018e4   0x00000020   Code   RO         1356    i.RCC_APB1PeriphClockCmd  stm32f10x_rcc.o
    0x08001904   0x00000020   Code   RO         1358    i.RCC_APB2PeriphClockCmd  stm32f10x_rcc.o
    0x08001924   0x000000d4   Code   RO         1366    i.RCC_GetClocksFreq  stm32f10x_rcc.o
    0x080019f8   0x000000d0   Code   RO          253    i.Reconnection      test.o
    0x08001ac8   0x00000002   Code   RO           99    i.SVC_Handler       stm32f10x_it.o
    0x08001aca   0x00000008   Code   RO          162    i.SetSysClock       system_stm32f10x.o
    0x08001ad2   0x00000002   PAD
    0x08001ad4   0x000000e0   Code   RO          163    i.SetSysClockTo72   system_stm32f10x.o
    0x08001bb4   0x00000002   Code   RO          100    i.SysTick_Handler   stm32f10x_it.o
    0x08001bb6   0x00000002   PAD
    0x08001bb8   0x00000060   Code   RO          165    i.SystemInit        system_stm32f10x.o
    0x08001c18   0x000000a0   Code   RO          101    i.USART3_IRQHandler  stm32f10x_it.o
    0x08001cb8   0x00000018   Code   RO         1178    i.USART_Cmd         stm32f10x_usart.o
    0x08001cd0   0x0000001a   Code   RO         1181    i.USART_GetFlagStatus  stm32f10x_usart.o
    0x08001cea   0x00000054   Code   RO         1182    i.USART_GetITStatus  stm32f10x_usart.o
    0x08001d3e   0x0000004a   Code   RO         1184    i.USART_ITConfig    stm32f10x_usart.o
    0x08001d88   0x000000d8   Code   RO         1185    i.USART_Init        stm32f10x_usart.o
    0x08001e60   0x0000000a   Code   RO         1192    i.USART_ReceiveData  stm32f10x_usart.o
    0x08001e6a   0x00000008   Code   RO         1195    i.USART_SendData    stm32f10x_usart.o
    0x08001e72   0x00000106   Code   RO          282    i.USART_printf      rewrite.o
    0x08001f78   0x00000080   Code   RO          302    i.USARTx_Config     usart1.o
    0x08001ff8   0x00000004   Code   RO          102    i.UsageFault_Handler  stm32f10x_it.o
    0x08001ffc   0x00000020   Code   RO         2753    i.__0printf         mc_w.l(printfa.o)
    0x0800201c   0x00000028   Code   RO         2755    i.__0sprintf        mc_w.l(printfa.o)
    0x08002044   0x0000005c   Code   RO         2785    i.__free$realloc    mc_w.l(mallocr.o)
    0x080020a0   0x00000050   Code   RO         2786    i.__malloc$realloc  mc_w.l(mallocr.o)
    0x080020f0   0x0000000e   Code   RO         2886    i.__scatterload_copy  mc_w.l(handlers.o)
    0x080020fe   0x00000002   Code   RO         2887    i.__scatterload_null  mc_w.l(handlers.o)
    0x08002100   0x0000000e   Code   RO         2888    i.__scatterload_zeroinit  mc_w.l(handlers.o)
    0x0800210e   0x00000002   PAD
    0x08002110   0x00000184   Code   RO         2760    i._fp_digits        mc_w.l(printfa.o)
    0x08002294   0x0000000e   Code   RO         2813    i._is_digit         mc_w.l(scanf_fp.o)
    0x080022a2   0x00000002   PAD
    0x080022a4   0x000006dc   Code   RO         2761    i._printf_core      mc_w.l(printfa.o)
    0x08002980   0x00000024   Code   RO         2762    i._printf_post_padding  mc_w.l(printfa.o)
    0x080029a4   0x0000002e   Code   RO         2763    i._printf_pre_padding  mc_w.l(printfa.o)
    0x080029d2   0x0000000a   Code   RO         2765    i._sputc            mc_w.l(printfa.o)
    0x080029dc   0x0000002e   Code   RO          488    i.add_item_to_array  cjson.o
    0x08002a0a   0x00000076   Code   RO          489    i.add_item_to_object  cjson.o
    0x08002a80   0x00000010   Code   RO          496    i.cJSON_AddItemToArray  cjson.o
    0x08002a90   0x00000020   Code   RO          497    i.cJSON_AddItemToObject  cjson.o
    0x08002ab0   0x00000018   Code   RO          506    i.cJSON_CreateArray  cjson.o
    0x08002ac8   0x00000064   Code   RO          514    i.cJSON_CreateNumber  cjson.o
    0x08002b2c   0x00000018   Code   RO          515    i.cJSON_CreateObject  cjson.o
    0x08002b44   0x00000058   Code   RO          522    i.cJSON_Delete      cjson.o
    0x08002b9c   0x0000001a   Code   RO          551    i.cJSON_New_Item    cjson.o
    0x08002bb6   0x00000002   PAD
    0x08002bb8   0x00000014   Code   RO          554    i.cJSON_Print       cjson.o
    0x08002bcc   0x00000038   Code   RO          566    i.cJSON_strdup      cjson.o
    0x08002c04   0x00000002   Code   RO          568    i.cast_away_const   cjson.o
    0x08002c06   0x00000002   PAD
    0x08002c08   0x0000003c   Code   RO          569    i.compare_double    cjson.o
    0x08002c44   0x00000038   Code   RO          214    i.delay_ms          delay.o
    0x08002c7c   0x000000ba   Code   RO          571    i.ensure            cjson.o
    0x08002d36   0x00000002   PAD
    0x08002d38   0x00000024   Code   RO          304    i.fputc             usart1.o
    0x08002d5c   0x00000004   Code   RO          573    i.get_decimal_point  cjson.o
    0x08002d60   0x00000050   Code   RO         2787    i.internal_alloc    mc_w.l(mallocr.o)
    0x08002db0   0x00000062   Code   RO          283    i.itoa              rewrite.o
    0x08002e12   0x00000002   PAD
    0x08002e14   0x0000004c   Code   RO          232    i.key_pros_Init     keypros.o
    0x08002e60   0x0000002c   Code   RO            1    i.main              main.o
    0x08002e8c   0x000000b2   Code   RO          582    i.print             cjson.o
    0x08002f3e   0x000000b2   Code   RO          583    i.print_array       cjson.o
    0x08002ff0   0x00000100   Code   RO          584    i.print_number      cjson.o
    0x080030f0   0x00000174   Code   RO          585    i.print_object      cjson.o
    0x08003264   0x00000010   Code   RO          586    i.print_string      cjson.o
    0x08003274   0x00000174   Code   RO          587    i.print_string_ptr  cjson.o
    0x080033e8   0x00000104   Code   RO          588    i.print_value       cjson.o
    0x080034ec   0x0000006c   Code   RO         2788    i.realloc           mc_w.l(mallocr.o)
    0x08003558   0x00000006   Code   RO          593    i.suffix_object     cjson.o
    0x0800355e   0x00000024   Code   RO          594    i.update_offset     cjson.o
    0x08003582   0x00000040   Data   RO         2882    .constdata          mc_w.l(ctype_c.o)
    0x080035c2   0x00000002   PAD
    0x080035c4   0x000000d1   Data   RO          254    .conststring        test.o
    0x08003695   0x00000003   PAD
    0x08003698   0x00000020   Data   RO         2884    Region$$Table       anon$$obj.o


    Execution Region RW_IRAM1 (Base: 0x20000000, Size: 0x00001940, Max: 0x00010000, ABSOLUTE)

    Base Addr    Size         Type   Attr      Idx    E Section Name        Object

    0x20000000   0x00000001   Data   RW          255    .data               test.o
    0x20000001   0x00000003   PAD
    0x20000004   0x00000014   Data   RW          597    .data               cjson.o
    0x20000018   0x00000014   Data   RW         1386    .data               stm32f10x_rcc.o
    0x2000002c   0x00000004   Data   RW         2843    .data               mc_w.l(stdout.o)
    0x20000030   0x00000004   Data   RW         2854    .data               mc_w.l(mvars.o)
    0x20000034   0x00000004   Data   RW         2855    .data               mc_w.l(mvars.o)
    0x20000038   0x00000402   Zero   RW          347    .bss                esp8266.o
    0x2000043a   0x00000100   Zero   RW          463    .bss                http.o
    0x2000053a   0x00000006   PAD
    0x20000540   0x00001000   Zero   RW          208    HEAP                startup_stm32f10x_hd.o
    0x20001540   0x00000400   Zero   RW          207    STACK               startup_stm32f10x_hd.o


==============================================================================

Image component sizes


      Code (inc. data)   RO Data    RW Data    ZI Data      Debug   Object Name

      2476        114          0         20          0      19722   cjson.o
         0          0          0          0          0         32   core_cm3.o
        56          0          0          0          0        507   delay.o
      1420        402          0          0       1026      11417   esp8266.o
       224         40          0          0        256       1210   http.o
        76          8          0          0          0        508   keypros.o
        44         18          0          0          0     235931   main.o
       132         22          0          0          0       1667   misc.o
       360          0          0          0          0       2679   rewrite.o
        36          8        304          0       5120        784   startup_stm32f10x_hd.o
       286          0          0          0          0       3204   stm32f10x_gpio.o
       186         26          0          0          0       4374   stm32f10x_it.o
       276         32          0         20          0       4626   stm32f10x_rcc.o
       442          6          0          0          0       6501   stm32f10x_usart.o
       328         28          0          0          0       1909   system_stm32f10x.o
       504        260        209          1          0       2154   test.o
       164         12          0          0          0       1156   usart1.o

    ----------------------------------------------------------------------
      7026        976        548         44       6408     298381   Object Totals
         0          0         32          0          0          0   (incl. Generated)
        16          0          3          3          6          0   (incl. Padding)

    ----------------------------------------------------------------------

      Code (inc. data)   RO Data    RW Data    ZI Data      Debug   Library Member Name

        56          8          0          0          0         84   __0sscanf.o
       812          4          0          0          0        112   _scanf.o
        64          0          0          0          0         84   _sgetc.o
        40          6         64          0          0         68   ctype_c.o
         0          0          0          0          0          0   entry.o
         0          0          0          0          0          0   entry10a.o
         0          0          0          0          0          0   entry11a.o
         8          4          0          0          0          0   entry2.o
         4          0          0          0          0          0   entry5.o
         0          0          0          0          0          0   entry7b.o
         0          0          0          0          0          0   entry8b.o
         8          4          0          0          0          0   entry9a.o
        30          0          0          0          0          0   handlers.o
        36          8          0          0          0         68   init.o
        10          0          0          0          0         68   isspace_c.o
         0          0          0          0          0          0   iusefp.o
        30          0          0          0          0         68   llshl.o
        36          0          0          0          0         68   llsshr.o
        32          0          0          0          0         68   llushr.o
       360         30          0          0          0        356   mallocr.o
        36          0          0          0          0         68   memcpya.o
        36          0          0          0          0        108   memseta.o
         0          0          0          8          0          0   mvars.o
      2308         96          0          0          0        604   printfa.o
        40          8          0          0          0         84   scanf_char.o
       838         12          0          0          0        216   scanf_fp.o
         0          0          0          4          0          0   stdout.o
        18          0          0          0          0         68   strcpy.o
        14          0          0          0          0         68   strlen.o
        36          0          0          0          0         80   strstr.o
        44          0          0          0          0         80   uidiv.o
        98          0          0          0          0         92   uldiv.o
        48          0          0          0          0         68   cdcmple.o
        48          0          0          0          0         68   cdrcmple.o
        56          0          0          0          0         88   d2f.o
       334          0          0          0          0        148   dadd.o
       222          0          0          0          0        100   ddiv.o
       186          0          0          0          0        176   depilogue.o
        62          0          0          0          0         80   dfixi.o
        48          0          0          0          0         68   dfixul.o
        24          0          0          0          0         76   dfltul.o
       228          0          0          0          0         96   dmul.o
       110          0          0          0          0        168   fepilogue.o

    ----------------------------------------------------------------------
      6368        180         66         12          0       3648   Library Totals
         8          0          2          0          0          0   (incl. Padding)

    ----------------------------------------------------------------------

      Code (inc. data)   RO Data    RW Data    ZI Data      Debug   Library Name

      4994        180         64         12          0       2512   mc_w.l
      1366          0          0          0          0       1136   mf_w.l

    ----------------------------------------------------------------------
      6368        180         66         12          0       3648   Library Totals

    ----------------------------------------------------------------------

==============================================================================


      Code (inc. data)   RO Data    RW Data    ZI Data      Debug   

     13394       1156        614         56       6408     296305   Grand Totals
     13394       1156        614         56       6408     296305   ELF Image Totals
     13394       1156        614         56          0          0   ROM Totals

==============================================================================

    Total RO  Size (Code + RO Data)                14008 (  13.68kB)
    Total RW  Size (RW Data + ZI Data)              6464 (   6.31kB)
    Total ROM Size (Code + RO Data + RW Data)      14064 (  13.73kB)

==============================================================================

