<html>
<body>
<pre>
<h1>礦ision Build Log</h1>
<h2>Tool Versions:</h2>
IDE-Version: μVision V5.22.0.0
Copyright (C) 2016 ARM Ltd and ARM Germany GmbH. All rights reserved.
License Information: STM32&China STM32&China, STM32&China, LIC=TA39H-WTVIH-QII5M-XACI2-WPZ1W-GTZ23
 
Tool Versions:
Toolchain:       MDK-ARM Professional  Version: 5.22
Toolchain Path:  E:\UV5.22\ARM\ARMCC\Bin
C Compiler:      Armcc.exe V5.06 update 4 (build 422)
Assembler:       Armasm.exe V5.06 update 4 (build 422)
Linker/Locator:  ArmLink.exe V5.06 update 4 (build 422)
Library Manager: ArmAr.exe V5.06 update 4 (build 422)
Hex Converter:   FromElf.exe V5.06 update 4 (build 422)
CPU DLL:         SARMCM3.DLL V5.22
Dialog DLL:      DARMSTM.DLL V1.67.0.0
Target DLL:      STLink\ST-LINKIII-KEIL_SWO.dll V2.0.18.0
Dialog DLL:      TARMSTM.DLL V1.66.0.0
 
<h2>Project:</h2>
E:\STM32实验程序存放\(44-2)paho MQTT库的使用\project\STM32工程.uvprojx
Project File Date:  05/18/2020

<h2>Output:</h2>
*** Using Compiler 'V5.06 update 4 (build 422)', folder: 'E:\UV5.22\ARM\ARMCC\Bin'
Rebuild target 'Target 1'
compiling system_stm32f10x.c...
compiling stm32f10x_it.c...
compiling main.c...
compiling core_cm3.c...
assembling startup_stm32f10x_hd.s...
compiling delay.c...
compiling mymqtt.c...
compiling printf.c...
compiling usart3.c...
compiling timer.c...
compiling misc.c...
compiling esp8266.c...
compiling stm32f10x_usart.c...
compiling stm32f10x_rcc.c...
compiling stm32f10x_gpio.c...
compiling stm32f10x_tim.c...
compiling MQTTConnectClient.c...
compiling MQTTConnectServer.c...
compiling MQTTDeserializePublish.c...
compiling MQTTFormat.c...
compiling MQTTPacket.c...
compiling MQTTSerializePublish.c...
compiling MQTTSubscribeClient.c...
compiling MQTTSubscribeServer.c...
compiling MQTTUnsubscribeClient.c...
compiling MQTTUnsubscribeServer.c...
linking...
Program Size: Code=6456 RO-data=432 RW-data=36 ZI-data=1740  
FromELF: creating hex file...
After Build - User command #1: fromelf.exe --bin -o "..\output\output.bin" "..\output\output.axf"
"..\output\output.axf" - 0 Error(s), 0 Warning(s).

<h2>Software Packages used:</h2>

Package Vendor: MDK-Packs
                https://github.com/MDK-Packs/Pack/raw/master/Paho_MQTT/MDK-Packs.Paho_MQTT.1.0.2.pack
                MDK-Packs::IoT Utility:MQTTPacket:1.1.0
                Embedded MQTT C/C++ Client Libraries
   * Component: MQTTPacket Version: 1.1.0

<h2>Collection of Component include folders:</h2>
  E:\STM32实验程序存放\(44-2)paho MQTT库的使用\project\RTE\_Target_1
  E:\UV5.22\ARM\PACK\Keil\STM32F1xx_DFP\2.1.0\Device\Include
  E:\UV5.22\ARM\PACK\MDK-Packs\Paho_MQTT\1.0.2\MQTTPacket\src

<h2>Collection of Component Files used:</h2>

   * Component: MDK-Packs::IoT Utility:MQTTPacket:1.1.0
      Source file:   MQTTPacket\src\MQTTSubscribeServer.c
      Source file:   MQTTPacket\src\MQTTPacket.c
      Source file:   MQTTPacket\src\MQTTConnectServer.c
      Source file:   MQTTPacket\src\MQTTDeserializePublish.c
      Source file:   MQTTPacket\src\MQTTSubscribeClient.c
      Source file:   MQTTPacket\src\MQTTUnsubscribeClient.c
      Source file:   MQTTPacket\src\MQTTConnectClient.c
      Source file:   MQTTPacket\src\MQTTSerializePublish.c
      Source file:   MQTTPacket\src\MQTTUnsubscribeServer.c
      Source file:   MQTTPacket\src\MQTTFormat.c
      Include file:  MQTTPacket\src\MQTTPacket.h
Build Time Elapsed:  00:00:06
</pre>
</body>
</html>
